Component: ARM Compiler 5.06 update 5 (build 528) Tool: armlink [4d35e2]

==============================================================================

Section Cross References

    startup_stm32f407xx.o(STACK) refers (Special) to heapauxi.o(.text) for __use_two_region_memory
    startup_stm32f407xx.o(HEAP) refers (Special) to heapauxi.o(.text) for __use_two_region_memory
    startup_stm32f407xx.o(RESET) refers (Special) to heapauxi.o(.text) for __use_two_region_memory
    startup_stm32f407xx.o(RESET) refers to startup_stm32f407xx.o(STACK) for __initial_sp
    startup_stm32f407xx.o(RESET) refers to startup_stm32f407xx.o(.text) for Reset_Handler
    startup_stm32f407xx.o(RESET) refers to stm32f4xx_it.o(i.NMI_Handler) for NMI_Handler
    startup_stm32f407xx.o(RESET) refers to stm32f4xx_it.o(i.HardFault_Handler) for HardFault_Handler
    startup_stm32f407xx.o(RESET) refers to stm32f4xx_it.o(i.MemManage_Handler) for MemManage_Handler
    startup_stm32f407xx.o(RESET) refers to stm32f4xx_it.o(i.BusFault_Handler) for BusFault_Handler
    startup_stm32f407xx.o(RESET) refers to stm32f4xx_it.o(i.UsageFault_Handler) for UsageFault_Handler
    startup_stm32f407xx.o(RESET) refers to port.o(.emb_text) for SVC_Handler
    startup_stm32f407xx.o(RESET) refers to stm32f4xx_it.o(i.DebugMon_Handler) for DebugMon_Handler
    startup_stm32f407xx.o(RESET) refers to port.o(i.SysTick_Handler) for SysTick_Handler
    startup_stm32f407xx.o(RESET) refers to stm32f4xx_it.o(i.EXTI3_IRQHandler) for EXTI3_IRQHandler
    startup_stm32f407xx.o(RESET) refers to stm32f4xx_it.o(i.EXTI4_IRQHandler) for EXTI4_IRQHandler
    startup_stm32f407xx.o(RESET) refers to stm32f4xx_it.o(i.DMA1_Stream1_IRQHandler) for DMA1_Stream1_IRQHandler
    startup_stm32f407xx.o(RESET) refers to stm32f4xx_it.o(i.CAN1_RX0_IRQHandler) for CAN1_RX0_IRQHandler
    startup_stm32f407xx.o(RESET) refers to stm32f4xx_it.o(i.EXTI9_5_IRQHandler) for EXTI9_5_IRQHandler
    startup_stm32f407xx.o(RESET) refers to stm32f4xx_it.o(i.USART1_IRQHandler) for USART1_IRQHandler
    startup_stm32f407xx.o(RESET) refers to stm32f4xx_it.o(i.USART3_IRQHandler) for USART3_IRQHandler
    startup_stm32f407xx.o(RESET) refers to stm32f4xx_it.o(i.TIM6_DAC_IRQHandler) for TIM6_DAC_IRQHandler
    startup_stm32f407xx.o(RESET) refers to stm32f4xx_it.o(i.DMA2_Stream1_IRQHandler) for DMA2_Stream1_IRQHandler
    startup_stm32f407xx.o(RESET) refers to stm32f4xx_it.o(i.CAN2_RX0_IRQHandler) for CAN2_RX0_IRQHandler
    startup_stm32f407xx.o(RESET) refers to stm32f4xx_it.o(i.DMA2_Stream5_IRQHandler) for DMA2_Stream5_IRQHandler
    startup_stm32f407xx.o(RESET) refers to stm32f4xx_it.o(i.DMA2_Stream7_IRQHandler) for DMA2_Stream7_IRQHandler
    startup_stm32f407xx.o(RESET) refers to stm32f4xx_it.o(i.USART6_IRQHandler) for USART6_IRQHandler
    startup_stm32f407xx.o(.text) refers (Special) to heapauxi.o(.text) for __use_two_region_memory
    startup_stm32f407xx.o(.text) refers to system_stm32f4xx.o(i.SystemInit) for SystemInit
    startup_stm32f407xx.o(.text) refers to __main.o(!!!main) for __main
    startup_stm32f407xx.o(.text) refers to startup_stm32f407xx.o(HEAP) for Heap_Mem
    startup_stm32f407xx.o(.text) refers to startup_stm32f407xx.o(STACK) for Stack_Mem
    main.o(i.HAL_TIM_PeriodElapsedCallback) refers to stm32f4xx_hal.o(i.HAL_IncTick) for HAL_IncTick
    main.o(i.SystemClock_Config) refers to rt_memclr_w.o(.text) for __aeabi_memclr4
    main.o(i.SystemClock_Config) refers to stm32f4xx_hal_rcc.o(i.HAL_RCC_OscConfig) for HAL_RCC_OscConfig
    main.o(i.SystemClock_Config) refers to main.o(i.Error_Handler) for Error_Handler
    main.o(i.SystemClock_Config) refers to stm32f4xx_hal_rcc.o(i.HAL_RCC_ClockConfig) for HAL_RCC_ClockConfig
    main.o(i.main) refers to stm32f4xx_hal.o(i.HAL_Init) for HAL_Init
    main.o(i.main) refers to main.o(i.SystemClock_Config) for SystemClock_Config
    main.o(i.main) refers to gpio.o(i.MX_GPIO_Init) for MX_GPIO_Init
    main.o(i.main) refers to dma.o(i.MX_DMA_Init) for MX_DMA_Init
    main.o(i.main) refers to can.o(i.MX_CAN1_Init) for MX_CAN1_Init
    main.o(i.main) refers to can.o(i.MX_CAN2_Init) for MX_CAN2_Init
    main.o(i.main) refers to spi.o(i.MX_SPI1_Init) for MX_SPI1_Init
    main.o(i.main) refers to tim.o(i.MX_TIM1_Init) for MX_TIM1_Init
    main.o(i.main) refers to usart.o(i.MX_USART3_UART_Init) for MX_USART3_UART_Init
    main.o(i.main) refers to tim.o(i.MX_TIM8_Init) for MX_TIM8_Init
    main.o(i.main) refers to tim.o(i.MX_TIM12_Init) for MX_TIM12_Init
    main.o(i.main) refers to usart.o(i.MX_USART6_UART_Init) for MX_USART6_UART_Init
    main.o(i.main) refers to usart.o(i.MX_USART1_UART_Init) for MX_USART1_UART_Init
    main.o(i.main) refers to app_init.o(i.Init_InitAll) for Init_InitAll
    main.o(i.main) refers to periph_autoaim.o(i.usart1_tx_dma_init) for usart1_tx_dma_init
    main.o(i.main) refers to periph_autoaim.o(i.usart1_rx_dma_init) for usart1_rx_dma_init
    main.o(i.main) refers to freertos.o(i.MX_FREERTOS_Init) for MX_FREERTOS_Init
[...]
    Chassis_SteerAngleDeg                    0x20008308   Data          16  module_chassis.o(.bss)
    Motor_groupHandle                        0x20008328   Data          16  periph_motor.o(.bss)
    Motor_ChassisMotors                      0x20008338   Data          52  periph_motor.o(.bss)
    Motor_ChassisSteerMotors                 0x2000836c   Data          52  periph_motor.o(.bss)
    Motor_PitchMotors                        0x200083a0   Data          52  periph_motor.o(.bss)
    Motor_ShootMotors                        0x200083d4   Data          52  periph_motor.o(.bss)
    Motor_FeedMotors                         0x20008408   Data          52  periph_motor.o(.bss)
    Motor_Big_YawMotors                      0x2000843c   Data          52  periph_motor.o(.bss)
    Motor_Small_YawMotors                    0x20008470   Data          52  periph_motor.o(.bss)
    Motor_DM_Motors                          0x200084a4   Data          52  periph_motor.o(.bss)
    Motor_ChassisFontRightMotor              0x200084d8   Data          80  periph_motor.o(.bss)
    Motor_ChassisFontLeftMotor               0x20008528   Data          80  periph_motor.o(.bss)
    Motor_ChassisBackLeftMotor               0x20008578   Data          80  periph_motor.o(.bss)
    Motor_ChassisBackRightMotor              0x200085c8   Data          80  periph_motor.o(.bss)
    Motor_ChassisFontRightSteerMotor         0x20008618   Data          80  periph_motor.o(.bss)
    Motor_ChassisFontLeftSteerMotor          0x20008668   Data          80  periph_motor.o(.bss)
    Motor_ChassisBackLeftSteerMotor          0x200086b8   Data          80  periph_motor.o(.bss)
    Motor_ChassisBackRightSteerMotor         0x20008708   Data          80  periph_motor.o(.bss)
    Motor_PitchMotor                         0x20008758   Data          80  periph_motor.o(.bss)
    Motor_Big_YawMotor                       0x200087a8   Data          80  periph_motor.o(.bss)
    Motor_Small_YawMotor                     0x200087f8   Data          80  periph_motor.o(.bss)
    Motor_ShootLeftMotor                     0x20008848   Data          80  periph_motor.o(.bss)
    Motor_ShootRightMotor                    0x20008898   Data          80  periph_motor.o(.bss)
    Motor_FeedMotor                          0x200088e8   Data          80  periph_motor.o(.bss)
    motor                                    0x20008938   Data         272  periph_dmmotor.o(.bss)
    BMI088_BMI088Data                        0x20008a48   Data         100  periph_bmi088.o(.bss)
    Servo_ammoContainerCapServo              0x20008aac   Data          64  periph_servo.o(.bss)
    Referee_TxData                           0x20008aec   Data         300  periph_referee.o(.bss)
    Referee_RxData                           0x20008c18   Data         300  periph_referee.o(.bss)
    Referee_RefereeData                      0x20008d44   Data         552  periph_referee.o(.bss)
    Referee_dummyGraphicCmd                  0x20008f6c   Data          15  periph_referee.o(.bss)
    get_target                               0x20008f7b   Data          24  periph_referee.o(.bss)
    get_targe                                0x20008f94   Data          24  periph_referee.o(.bss)
    Remote_RxData                            0x20008fac   Data          54  periph_remote.o(.bss)
    Remote_RemoteData                        0x20008fe4   Data          44  periph_remote.o(.bss)
    PC_Comm_RxData                           0x20009010   Data          64  periph_pc_comm.o(.bss)
    PC_Comm_Data                             0x20009050   Data          24  periph_pc_comm.o(.bss)
    PC_Parsed                                0x20009068   Data          48  periph_pc_comm.o(.bss)
    Can_RxHeader                             0x20009098   Data          28  util_can.o(.bss)
    Can_RxData                               0x200090b4   Data         200  util_can.o(.bss)
    QuaternionEKF_K                          0x20009180   Data          72  alg_quaternionekf.o(.bss)
    QuaternionEKF_H                          0x200091c8   Data          72  alg_quaternionekf.o(.bss)
    QEKF_INS                                 0x20009210   Data         480  alg_quaternionekf.o(.bss)
    BusComm_TxData                           0x200093f0   Data         100  protocol_common.o(.bss)
    BusComm_RxData                           0x20009454   Data         100  protocol_common.o(.bss)
    Protocol_Data                            0x200094b8   Data          28  protocol_common.o(.bss)
    Protocol_CAN_TxhEADER                    0x200094d4   Data          24  protocol_transmit.o(.bss)
    __libspace_start                         0x200094ec   Data          96  libspace.o(.bss)
    __temporary_stack_top$libspace           0x2000954c   Data           0  libspace.o(.bss)



==============================================================================

Memory Map of the image

  Image Entry point : 0x08000189

  Load Region LR_IROM1 (Base: 0x08000000, Size: 0x00013bd0, Max: 0x00100000, ABSOLUTE, COMPRESSED[0x000137f8])

    Execution Region ER_IROM1 (Exec base: 0x08000000, Load base: 0x08000000, Size: 0x000136bc, Max: 0x00100000, ABSOLUTE)

    Exec Addr    Load Addr    Size         Type   Attr      Idx    E Section Name        Object

    0x08000000   0x08000000   0x00000188   Data   RO            3    RESET               startup_stm32f407xx.o
    0x08000188   0x08000188   0x00000008   Code   RO         9359  * !!!main             c_w.l(__main.o)
    0x08000190   0x08000190   0x00000034   Code   RO         9753    !!!scatter          c_w.l(__scatter.o)
    0x080001c4   0x080001c4   0x0000005a   Code   RO         9751    !!dczerorl2         c_w.l(__dczerorl2.o)
    0x0800021e   0x0800021e   0x00000002   PAD
    0x08000220   0x08000220   0x0000001c   Code   RO         9755    !!handler_zi        c_w.l(__scatter_zi.o)
    0x0800023c   0x0800023c   0x00000002   Code   RO         9690    .ARM.Collect$$libinit$$00000000  c_w.l(libinit.o)
    0x0800023e   0x0800023e   0x00000004   Code   RO         9537    .ARM.Collect$$libinit$$00000001  c_w.l(libinit2.o)
    0x08000242   0x08000242   0x00000000   Code   RO         9540    .ARM.Collect$$libinit$$00000004  c_w.l(libinit2.o)
    0x08000242   0x08000242   0x00000008   Code   RO         9541    .ARM.Collect$$libinit$$00000005  c_w.l(libinit2.o)
    0x0800024a   0x0800024a   0x00000000   Code   RO         9543    .ARM.Collect$$libinit$$0000000A  c_w.l(libinit2.o)
    0x0800024a   0x0800024a   0x00000000   Code   RO         9545    .ARM.Collect$$libinit$$0000000C  c_w.l(libinit2.o)
    0x0800024a   0x0800024a   0x00000000   Code   RO         9547    .ARM.Collect$$libinit$$0000000E  c_w.l(libinit2.o)
    0x0800024a   0x0800024a   0x00000000   Code   RO         9550    .ARM.Collect$$libinit$$00000011  c_w.l(libinit2.o)
    0x0800024a   0x0800024a   0x00000000   Code   RO         9552    .ARM.Collect$$libinit$$00000013  c_w.l(libinit2.o)
    0x0800024a   0x0800024a   0x00000000   Code   RO         9554    .ARM.Collect$$libinit$$00000015  c_w.l(libinit2.o)
    0x0800024a   0x0800024a   0x00000000   Code   RO         9556    .ARM.Collect$$libinit$$00000017  c_w.l(libinit2.o)
    0x0800024a   0x0800024a   0x00000000   Code   RO         9558    .ARM.Collect$$libinit$$00000019  c_w.l(libinit2.o)
    0x0800024a   0x0800024a   0x00000000   Code   RO         9560    .ARM.Collect$$libinit$$0000001B  c_w.l(libinit2.o)
    0x0800024a   0x0800024a   0x00000000   Code   RO         9562    .ARM.Collect$$libinit$$0000001D  c_w.l(libinit2.o)
    0x0800024a   0x0800024a   0x00000000   Code   RO         9564    .ARM.Collect$$libinit$$0000001F  c_w.l(libinit2.o)
    0x0800024a   0x0800024a   0x00000000   Code   RO         9566    .ARM.Collect$$libinit$$00000021  c_w.l(libinit2.o)
    0x0800024a   0x0800024a   0x00000000   Code   RO         9568    .ARM.Collect$$libinit$$00000023  c_w.l(libinit2.o)
    0x0800024a   0x0800024a   0x00000000   Code   RO         9570    .ARM.Collect$$libinit$$00000025  c_w.l(libinit2.o)
    0x0800024a   0x0800024a   0x00000000   Code   RO         9574    .ARM.Collect$$libinit$$0000002C  c_w.l(libinit2.o)
    0x0800024a   0x0800024a   0x00000000   Code   RO         9576    .ARM.Collect$$libinit$$0000002E  c_w.l(libinit2.o)
    0x0800024a   0x0800024a   0x00000000   Code   RO         9578    .ARM.Collect$$libinit$$00000030  c_w.l(libinit2.o)
    0x0800024a   0x0800024a   0x00000000   Code   RO         9580    .ARM.Collect$$libinit$$00000032  c_w.l(libinit2.o)
    0x0800024a   0x0800024a   0x00000002   Code   RO         9581    .ARM.Collect$$libinit$$00000033  c_w.l(libinit2.o)
    0x0800024c   0x0800024c   0x00000002   Code   RO         9748    .ARM.Collect$$libshutdown$$00000000  c_w.l(libshutdown.o)
    0x0800024e   0x0800024e   0x00000000   Code   RO         9706    .ARM.Collect$$libshutdown$$00000002  c_w.l(libshutdown2.o)
    0x0800024e   0x0800024e   0x00000000   Code   RO         9708    .ARM.Collect$$libshutdown$$00000004  c_w.l(libshutdown2.o)
    0x0800024e   0x0800024e   0x00000000   Code   RO         9711    .ARM.Collect$$libshutdown$$00000007  c_w.l(libshutdown2.o)
    0x0800024e   0x0800024e   0x00000000   Code   RO         9714    .ARM.Collect$$libshutdown$$0000000A  c_w.l(libshutdown2.o)
    0x0800024e   0x0800024e   0x00000000   Code   RO         9716    .ARM.Collect$$libshutdown$$0000000C  c_w.l(libshutdown2.o)
    0x0800024e   0x0800024e   0x00000000   Code   RO         9719    .ARM.Collect$$libshutdown$$0000000F  c_w.l(libshutdown2.o)
    0x0800024e   0x0800024e   0x00000002   Code   RO         9720    .ARM.Collect$$libshutdown$$00000010  c_w.l(libshutdown2.o)
    0x08000250   0x08000250   0x00000000   Code   RO         9497    .ARM.Collect$$rtentry$$00000000  c_w.l(__rtentry.o)
    0x08000250   0x08000250   0x00000000   Code   RO         9622    .ARM.Collect$$rtentry$$00000002  c_w.l(__rtentry2.o)
    0x08000250   0x08000250   0x00000006   Code   RO         9634    .ARM.Collect$$rtentry$$00000004  c_w.l(__rtentry4.o)
    0x08000256   0x08000256   0x00000000   Code   RO         9624    .ARM.Collect$$rtentry$$00000009  c_w.l(__rtentry2.o)
    0x08000256   0x08000256   0x00000004   Code   RO         9625    .ARM.Collect$$rtentry$$0000000A  c_w.l(__rtentry2.o)
    0x0800025a   0x0800025a   0x00000000   Code   RO         9627    .ARM.Collect$$rtentry$$0000000C  c_w.l(__rtentry2.o)
    0x0800025a   0x0800025a   0x00000008   Code   RO         9628    .ARM.Collect$$rtentry$$0000000D  c_w.l(__rtentry2.o)
    0x08000262   0x08000262   0x00000002   Code   RO         9693    .ARM.Collect$$rtexit$$00000000  c_w.l(rtexit.o)
    0x08000264   0x08000264   0x00000000   Code   RO         9724    .ARM.Collect$$rtexit$$00000002  c_w.l(rtexit2.o)
    0x08000264   0x08000264   0x00000004   Code   RO         9725    .ARM.Collect$$rtexit$$00000003  c_w.l(rtexit2.o)
    0x08000268   0x08000268   0x00000006   Code   RO         9726    .ARM.Collect$$rtexit$$00000004  c_w.l(rtexit2.o)
    0x0800026e   0x0800026e   0x00000002   PAD
    0x08000270   0x08000270   0x000000be   Code   RO         5463    .emb_text           port.o
    0x0800032e   0x0800032e   0x00000002   PAD
    0x08000330   0x08000330   0x00000000   Code   RO         9645    .emb_text           c_w.l(maybetermalloc1.o)
    0x08000330   0x08000330   0x00000040   Code   RO            4    .text               startup_stm32f407xx.o
    0x08000370   0x08000370   0x0000005e   Code   RO         9287    .text               c_w.l(h1_alloc.o)
    0x080003ce   0x080003ce   0x000000ee   Code   RO         9341    .text               c_w.l(lludivv7m.o)
    0x080004bc   0x080004bc   0x0000003e   Code   RO         9343    .text               c_w.l(strlen.o)
    0x080004fa   0x080004fa   0x0000008a   Code   RO         9345    .text               c_w.l(rt_memcpy_v6.o)
    0x08000584   0x08000584   0x00000064   Code   RO         9347    .text               c_w.l(rt_memcpy_w.o)
    0x080005e8   0x080005e8   0x00000010   Code   RO         9351    .text               c_w.l(aeabi_memset.o)
    0x080005f8   0x080005f8   0x00000044   Code   RO         9353    .text               c_w.l(rt_memclr.o)
    0x0800063c   0x0800063c   0x0000004e   Code   RO         9355    .text               c_w.l(rt_memclr_w.o)
    0x0800068a   0x0800068a   0x00000006   Code   RO         9357    .text               c_w.l(heapauxi.o)
    0x08000690   0x08000690   0x00000008   Code   RO         9505    .text               c_w.l(rt_heap_descriptor_intlibspace.o)
    0x08000698   0x08000698   0x00000004   Code   RO         9507    .text               c_w.l(hguard.o)
    0x0800069c   0x0800069c   0x0000008a   Code   RO         9509    .text               c_w.l(init_alloc.o)
    0x08000726   0x08000726   0x0000000e   Code   RO         9515    .text               c_w.l(h1_init.o)
    0x08000734   0x08000734   0x0000004e   Code   RO         9517    .text               c_w.l(h1_free.o)
    0x08000782   0x08000782   0x00000016   Code   RO         9533    .text               c_w.l(_rserrno.o)
    0x08000798   0x08000798   0x00000008   Code   RO         9618    .text               c_w.l(libspace.o)
    0x080007a0   0x080007a0   0x00000008   Code   RO         9641    .text               c_w.l(rt_errno_addr_intlibspace.o)
    0x080007a8   0x080007a8   0x00000034   Code   RO         9647    .text               c_w.l(h1_extend.o)
    0x080007dc   0x080007dc   0x0000000e   Code   RO         9651    .text               c_w.l(defsig_rtmem_outer.o)
    0x080007ea   0x080007ea   0x00000002   Code   RO         9662    .text               c_w.l(use_no_semi.o)
    0x080007ec   0x080007ec   0x00000000   Code   RO         9664    .text               c_w.l(indicate_semi.o)
    0x080007ec   0x080007ec   0x0000004a   Code   RO         9665    .text               c_w.l(sys_stackheap_outer.o)
    0x08000836   0x08000836   0x00000012   Code   RO         9671    .text               c_w.l(exit.o)
    0x08000848   0x08000848   0x0000000a   Code   RO         9673    .text               c_w.l(defsig_exit.o)
    0x08000852   0x08000852   0x00000002   PAD
    0x08000854   0x08000854   0x00000050   Code   RO         9679    .text               c_w.l(defsig_rtmem_inner.o)
    0x080008a4   0x080008a4   0x0000000c   Code   RO         9691    .text               c_w.l(sys_exit.o)
    0x080008b0   0x080008b0   0x00000032   Code   RO         9701    .text               c_w.l(defsig_general.o)
    0x080008e2   0x080008e2   0x0000000e   Code   RO         9721    .text               c_w.l(sys_wrch.o)
    0x080008f0   0x080008f0   0x000000a0   Code   RO         9140    .text.arm_cos_f32   arm_cortexM4lf_math.lib(arm_cos_f32.o)
    0x08000990   0x08000990   0x000000be   Code   RO         9160    .text.arm_mat_add_f32  arm_cortexM4lf_math.lib(arm_mat_add_f32.o)
    0x08000a4e   0x08000a4e   0x00000008   Code   RO         9170    .text.arm_mat_init_f32  arm_cortexM4lf_math.lib(arm_mat_init_f32.o)
    0x08000a56   0x08000a56   0x00000002   PAD
    0x08000a58   0x08000a58   0x000002d0   Code   RO         9179    .text.arm_mat_inverse_f32  arm_cortexM4lf_math.lib(arm_mat_inverse_f32.o)
    0x08000d28   0x08000d28   0x0000013c   Code   RO         9189    .text.arm_mat_mult_f32  arm_cortexM4lf_math.lib(arm_mat_mult_f32.o)
    0x08000e64   0x08000e64   0x000000be   Code   RO         9199    .text.arm_mat_sub_f32  arm_cortexM4lf_math.lib(arm_mat_sub_f32.o)
    0x08000f22   0x08000f22   0x00000002   PAD
    0x08000f24   0x08000f24   0x000000b2   Code   RO         9209    .text.arm_mat_trans_f32  arm_cortexM4lf_math.lib(arm_mat_trans_f32.o)
    0x08000fd6   0x08000fd6   0x00000002   PAD
    0x08000fd8   0x08000fd8   0x00000098   Code   RO         9150    .text.arm_sin_f32   arm_cortexM4lf_math.lib(arm_sin_f32.o)
    0x08001070   0x08001070   0x000001c8   Code   RO         7002    i.BMI088_BMI088AccelInit  periph_bmi088.o
    0x08001238   0x08001238   0x0000042c   Code   RO         7004    i.BMI088_BMI088AccelTest  periph_bmi088.o
    0x08001664   0x08001664   0x00000264   Code   RO         7005    i.BMI088_BMI088DecodeData  periph_bmi088.o
    0x080018c8   0x080018c8   0x0000018c   Code   RO         7006    i.BMI088_BMI088GyroInit  periph_bmi088.o
    0x08001a54   0x08001a54   0x00000164   Code   RO         7008    i.BMI088_BMI088GyroTest  periph_bmi088.o
    0x08001bb8   0x08001bb8   0x00000008   Code   RO         7010    i.BMI088_GetBMI088DataPtr  periph_bmi088.o
    0x08001bc0   0x08001bc0   0x0000010c   Code   RO         7011    i.BMI088_GetOffset  periph_bmi088.o
    0x08001ccc   0x08001ccc   0x00000054   Code   RO         7012    i.BMI088_Init       periph_bmi088.o
    0x08001d20   0x08001d20   0x00000026   Code   RO         7013    i.BMI088_IsBMI088Offline  periph_bmi088.o
    0x08001d46   0x08001d46   0x00000002   PAD
    0x08001d48   0x08001d48   0x00000054   Code   RO         7014    i.BMI088_ResetBMI088Data  periph_bmi088.o
    0x08001d9c   0x08001d9c   0x00000504   Code   RO         7015    i.BMI088_SetOffset  periph_bmi088.o
    0x080022a0   0x080022a0   0x0000015a   Code   RO         5759    i.BodyFrameToEarthFrame  app_ins.o
    0x080023fa   0x080023fa   0x00000004   Code   RO          646    i.BusFault_Handler  stm32f4xx_it.o
    0x080023fe   0x080023fe   0x00000002   PAD
    0x08002400   0x08002400   0x00000010   Code   RO          647    i.CAN1_RX0_IRQHandler  stm32f4xx_it.o
    0x08002410   0x08002410   0x00000010   Code   RO          648    i.CAN2_RX0_IRQHandler  stm32f4xx_it.o
    0x08002420   0x08002420   0x00000034   Code   RO         8579    i.CRC_GetCRC16CheckSum  alg_crc.o
    0x08002454   0x08002454   0x00000024   Code   RO         8580    i.CRC_GetCRC8CheckSum  alg_crc.o
    0x08002478   0x08002478   0x00000006   Code   RO         7941    i.Can_ErrorHandler  util_can.o
    0x0800247e   0x0800247e   0x00000002   PAD
    0x08002480   0x08002480   0x00000070   Code   RO         7942    i.Can_InitFilterAndStart  util_can.o
    0x080024f0   0x080024f0   0x00000012   Code   RO         7943    i.Can_InitTxHeader  util_can.o
    0x08002502   0x08002502   0x00000002   PAD
    0x08002504   0x08002504   0x00000048   Code   RO         7944    i.Can_RxMessageCallback  util_can.o
    0x0800254c   0x0800254c   0x00000020   Code   RO         7945    i.Can_SendMessage   util_can.o
    0x0800256c   0x0800256c   0x00000008   Code   RO         6661    i.Chassis_ChassisPtr  module_chassis.o
    0x08002574   0x08002574   0x000004a6   Code   RO         6662    i.Chassis_Control   module_chassis.o
    0x08002a1a   0x08002a1a   0x00000002   PAD
    0x08002a1c   0x08002a1c   0x000004a4   Code   RO         6663    i.Chassis_InitChassis  module_chassis.o
    0x08002ec0   0x08002ec0   0x00000040   Code   RO         6664    i.Chassis_Output    module_chassis.o
    0x08002f00   0x08002f00   0x0000000e   Code   RO         6669    i.Chassis_SetChassisMode  module_chassis.o
    0x08002f0e   0x08002f0e   0x00000002   PAD
    0x08002f10   0x08002f10   0x00000384   Code   RO         6671    i.Chassis_SetChassisRef  module_chassis.o
    0x08003294   0x08003294   0x00000008   Code   RO         6673    i.Chassis_StatusPtr  module_chassis.o
    0x0800329c   0x0800329c   0x00000012   Code   RO         6157    i.Chassis_Task      app_chassis.o
    0x080032ae   0x080032ae   0x0000000e   Code   RO         5543    i.Comm_Task         app_communicate.o
    0x080032bc   0x080032bc   0x00000010   Code   RO          649    i.DMA1_Stream1_IRQHandler  stm32f4xx_it.o
    0x080032cc   0x080032cc   0x00000010   Code   RO          650    i.DMA2_Stream1_IRQHandler  stm32f4xx_it.o
    0x080032dc   0x080032dc   0x00000010   Code   RO          651    i.DMA2_Stream5_IRQHandler  stm32f4xx_it.o
    0x080032ec   0x080032ec   0x00000010   Code   RO          652    i.DMA2_Stream7_IRQHandler  stm32f4xx_it.o
    0x080032fc   0x080032fc   0x00000034   Code   RO         2575    i.DMA_CalcBaseAndBitshift  stm32f4xx_hal_dma.o
    0x08003330   0x08003330   0x000000aa   Code   RO         2576    i.DMA_CheckFifoParam  stm32f4xx_hal_dma.o
    0x080033da   0x080033da   0x0000002c   Code   RO         2577    i.DMA_SetConfig     stm32f4xx_hal_dma.o
    0x08003406   0x08003406   0x00000002   PAD
    0x08003408   0x08003408   0x00000030   Code   RO         8322    i.DWT_CNT_Update    sys_dwt.o
    0x08003438   0x08003438   0x0000003c   Code   RO         8323    i.DWT_Delay         sys_dwt.o
    0x08003474   0x08003474   0x0000004c   Code   RO         8324    i.DWT_GetDeltaT     sys_dwt.o
    0x080034c0   0x080034c0   0x00000054   Code   RO         8327    i.DWT_GetTimeline_s  sys_dwt.o
    0x08003514   0x08003514   0x00000068   Code   RO         8329    i.DWT_Init          sys_dwt.o
    0x0800357c   0x0800357c   0x000000d0   Code   RO         8330    i.DWT_SysTimeUpdate  sys_dwt.o
    0x0800364c   0x0800364c   0x00000002   Code   RO          653    i.DebugMon_Handler  stm32f4xx_it.o
    0x0800364e   0x0800364e   0x00000002   PAD
    0x08003650   0x08003650   0x00000008   Code   RO         7199    i.Dh_GetDhDataPtr   periph_referee.o
    0x08003658   0x08003658   0x00000046   Code   RO         7200    i.Draw_AddArc       periph_referee.o
    0x0800369e   0x0800369e   0x0000004c   Code   RO         7201    i.Draw_AddCircle    periph_referee.o
    0x080036ea   0x080036ea   0x0000004a   Code   RO         7203    i.Draw_AddFloat     periph_referee.o
    0x08003734   0x08003734   0x0000004c   Code   RO         7205    i.Draw_AddLine      periph_referee.o
    0x08003780   0x08003780   0x00000058   Code   RO         7207    i.Draw_AddString    periph_referee.o
    0x080037d8   0x080037d8   0x00000030   Code   RO         7208    i.Draw_ClearAll     periph_referee.o
    0x08003808   0x08003808   0x00000046   Code   RO         7211    i.Draw_ModifyArc    periph_referee.o
    0x0800384e   0x0800384e   0x0000004a   Code   RO         7214    i.Draw_ModifyFloat  periph_referee.o
    0x08003898   0x08003898   0x0000004c   Code   RO         7216    i.Draw_ModifyLine   periph_referee.o
    0x080038e4   0x080038e4   0x0000000a   Code   RO          654    i.EXTI3_IRQHandler  stm32f4xx_it.o
    0x080038ee   0x080038ee   0x0000000a   Code   RO          655    i.EXTI4_IRQHandler  stm32f4xx_it.o
    0x080038f8   0x080038f8   0x0000000a   Code   RO          656    i.EXTI9_5_IRQHandler  stm32f4xx_it.o
    0x08003902   0x08003902   0x0000015a   Code   RO         5760    i.EarthFrameToBodyFrame  app_ins.o
    0x08003a5c   0x08003a5c   0x00000006   Code   RO           13    i.Error_Handler     main.o
    0x08003a62   0x08003a62   0x00000058   Code   RO         8456    i.Filter_LowPass    alg_filter.o
    0x08003aba   0x08003aba   0x00000006   Code   RO         8457    i.Filter_LowPassInit  alg_filter.o
    0x08003ac0   0x08003ac0   0x00000012   Code   RO         8063    i.GPIO_ReadPin      util_gpio.o
    0x08003ad2   0x08003ad2   0x0000001e   Code   RO         8064    i.GPIO_Reset        util_gpio.o
    0x08003af0   0x08003af0   0x0000001e   Code   RO         8065    i.GPIO_Set          util_gpio.o
    0x08003b0e   0x08003b0e   0x000000b6   Code   RO         6088    i.GetVisionData     app_autoaim.o
    0x08003bc4   0x08003bc4   0x000000e0   Code   RO         6343    i.GimbalPitch_Control  module_gimbal.o
    0x08003ca4   0x08003ca4   0x00000008   Code   RO         6344    i.GimbalPitch_GetGimbalPitchPtr  module_gimbal.o
    0x08003cac   0x08003cac   0x000000f0   Code   RO         6345    i.GimbalPitch_InitGimbalPitch  module_gimbal.o
    0x08003d9c   0x08003d9c   0x00000058   Code   RO         6348    i.GimbalPitch_SetPitchRef  module_gimbal.o
    0x08003df4   0x08003df4   0x00000174   Code   RO         6349    i.GimbalYaw_Control  module_gimbal.o
    0x08003f68   0x08003f68   0x00000008   Code   RO         6352    i.GimbalYaw_GetGimbalYawPtr  module_gimbal.o
    0x08003f70   0x08003f70   0x000001d0   Code   RO         6353    i.GimbalYaw_InitGimbalYaw  module_gimbal.o
    0x08004140   0x08004140   0x0000003c   Code   RO         6354    i.GimbalYaw_Normalize360  module_gimbal.o
    0x0800417c   0x0800417c   0x0000003c   Code   RO         6355    i.GimbalYaw_Output  module_gimbal.o
    0x080041b8   0x080041b8   0x0000000e   Code   RO         6360    i.GimbalYaw_SetYawRef  module_gimbal.o
    0x080041c6   0x080041c6   0x00000002   PAD
    0x080041c8   0x080041c8   0x00000088   Code   RO         6361    i.Gimbal_LimitPitch  module_gimbal.o
    0x08004250   0x08004250   0x0000008c   Code   RO         6362    i.Gimbal_LimitYaw   module_gimbal.o
    0x080042dc   0x080042dc   0x00000048   Code   RO         6057    i.Gimbal_Task       app_gimbal.o
    0x08004324   0x08004324   0x0000002a   Code   RO         1838    i.HAL_CAN_ActivateNotification  stm32f4xx_hal_can.o
    0x0800434e   0x0800434e   0x0000014a   Code   RO         1839    i.HAL_CAN_AddTxMessage  stm32f4xx_hal_can.o
    0x08004498   0x08004498   0x00000120   Code   RO         1840    i.HAL_CAN_ConfigFilter  stm32f4xx_hal_can.o
    0x080045b8   0x080045b8   0x00000002   Code   RO         1843    i.HAL_CAN_ErrorCallback  stm32f4xx_hal_can.o
    0x080045ba   0x080045ba   0x00000194   Code   RO         1846    i.HAL_CAN_GetRxMessage  stm32f4xx_hal_can.o
    0x0800474e   0x0800474e   0x00000036   Code   RO         1848    i.HAL_CAN_GetTxMailboxesFreeLevel  stm32f4xx_hal_can.o
    0x08004784   0x08004784   0x0000024e   Code   RO         1850    i.HAL_CAN_IRQHandler  stm32f4xx_hal_can.o
    0x080049d2   0x080049d2   0x00000174   Code   RO         1851    i.HAL_CAN_Init      stm32f4xx_hal_can.o
    0x08004b46   0x08004b46   0x00000002   PAD
    0x08004b48   0x08004b48   0x00000160   Code   RO          406    i.HAL_CAN_MspInit   can.o
    0x08004ca8   0x08004ca8   0x00000002   Code   RO         1858    i.HAL_CAN_RxFifo0FullCallback  stm32f4xx_hal_can.o
    0x08004caa   0x08004caa   0x00000002   PAD
    0x08004cac   0x08004cac   0x00000030   Code   RO         7946    i.HAL_CAN_RxFifo0MsgPendingCallback  util_can.o
    0x08004cdc   0x08004cdc   0x00000002   Code   RO         1860    i.HAL_CAN_RxFifo1FullCallback  stm32f4xx_hal_can.o
    0x08004cde   0x08004cde   0x00000002   PAD
    0x08004ce0   0x08004ce0   0x00000030   Code   RO         7947    i.HAL_CAN_RxFifo1MsgPendingCallback  util_can.o
    0x08004d10   0x08004d10   0x00000002   Code   RO         1862    i.HAL_CAN_SleepCallback  stm32f4xx_hal_can.o
    0x08004d12   0x08004d12   0x0000005e   Code   RO         1863    i.HAL_CAN_Start     stm32f4xx_hal_can.o
    0x08004d70   0x08004d70   0x00000002   Code   RO         1865    i.HAL_CAN_TxMailbox0AbortCallback  stm32f4xx_hal_can.o
    0x08004d72   0x08004d72   0x00000002   Code   RO         1866    i.HAL_CAN_TxMailbox0CompleteCallback  stm32f4xx_hal_can.o
    0x08004d74   0x08004d74   0x00000002   Code   RO         1867    i.HAL_CAN_TxMailbox1AbortCallback  stm32f4xx_hal_can.o
    0x08004d76   0x08004d76   0x00000002   Code   RO         1868    i.HAL_CAN_TxMailbox1CompleteCallback  stm32f4xx_hal_can.o
    0x08004d78   0x08004d78   0x00000002   Code   RO         1869    i.HAL_CAN_TxMailbox2AbortCallback  stm32f4xx_hal_can.o
    0x08004d7a   0x08004d7a   0x00000002   Code   RO         1870    i.HAL_CAN_TxMailbox2CompleteCallback  stm32f4xx_hal_can.o
    0x08004d7c   0x08004d7c   0x00000002   Code   RO         1872    i.HAL_CAN_WakeUpFromRxMsgCallback  stm32f4xx_hal_can.o
    0x08004d7e   0x08004d7e   0x000000ac   Code   RO         2578    i.HAL_DMA_Abort     stm32f4xx_hal_dma.o
    0x08004e2a   0x08004e2a   0x00000028   Code   RO         2579    i.HAL_DMA_Abort_IT  stm32f4xx_hal_dma.o
    0x08004e52   0x08004e52   0x00000002   PAD
    0x08004e54   0x08004e54   0x00000240   Code   RO         2583    i.HAL_DMA_IRQHandler  stm32f4xx_hal_dma.o
    0x08005094   0x08005094   0x000000ec   Code   RO         2584    i.HAL_DMA_Init      stm32f4xx_hal_dma.o
    0x08005180   0x08005180   0x00000066   Code   RO         2587    i.HAL_DMA_Start     stm32f4xx_hal_dma.o
    0x080051e6   0x080051e6   0x00000002   PAD
    0x080051e8   0x080051e8   0x00000028   Code   RO         3020    i.HAL_Delay         stm32f4xx_hal.o
    0x08005210   0x08005210   0x00000002   Code   RO         2469    i.HAL_GPIO_EXTI_Callback  stm32f4xx_hal_gpio.o
    0x08005212   0x08005212   0x00000002   PAD
    0x08005214   0x08005214   0x0000001c   Code   RO         2470    i.HAL_GPIO_EXTI_IRQHandler  stm32f4xx_hal_gpio.o
    0x08005230   0x08005230   0x000001f4   Code   RO         2471    i.HAL_GPIO_Init     stm32f4xx_hal_gpio.o
    0x08005424   0x08005424   0x00000010   Code   RO         2473    i.HAL_GPIO_ReadPin  stm32f4xx_hal_gpio.o
    0x08005434   0x08005434   0x0000000c   Code   RO         2475    i.HAL_GPIO_WritePin  stm32f4xx_hal_gpio.o
    0x08005440   0x08005440   0x0000000c   Code   RO         3026    i.HAL_GetTick       stm32f4xx_hal.o
    0x0800544c   0x0800544c   0x00000018   Code   RO         3032    i.HAL_IncTick       stm32f4xx_hal.o
    0x08005464   0x08005464   0x0000003c   Code   RO         3033    i.HAL_Init          stm32f4xx_hal.o
    0x080054a0   0x080054a0   0x000000b4   Code   RO          814    i.HAL_InitTick      stm32f4xx_hal_timebase_tim.o
    0x08005554   0x08005554   0x00000054   Code   RO          790    i.HAL_MspInit       stm32f4xx_hal_msp.o
    0x080055a8   0x080055a8   0x00000028   Code   RO         2863    i.HAL_NVIC_EnableIRQ  stm32f4xx_hal_cortex.o
    0x080055d0   0x080055d0   0x0000007c   Code   RO         2869    i.HAL_NVIC_SetPriority  stm32f4xx_hal_cortex.o
    0x0800564c   0x0800564c   0x00000028   Code   RO         2870    i.HAL_NVIC_SetPriorityGrouping  stm32f4xx_hal_cortex.o
    0x08005674   0x08005674   0x00000184   Code   RO         2072    i.HAL_RCC_ClockConfig  stm32f4xx_hal_rcc.o
    0x080057f8   0x080057f8   0x00000044   Code   RO         2076    i.HAL_RCC_GetClockConfig  stm32f4xx_hal_rcc.o
    0x0800583c   0x0800583c   0x0000000c   Code   RO         2077    i.HAL_RCC_GetHCLKFreq  stm32f4xx_hal_rcc.o
    0x08005848   0x08005848   0x00000020   Code   RO         2079    i.HAL_RCC_GetPCLK1Freq  stm32f4xx_hal_rcc.o
    0x08005868   0x08005868   0x00000020   Code   RO         2080    i.HAL_RCC_GetPCLK2Freq  stm32f4xx_hal_rcc.o
    0x08005888   0x08005888   0x000000b0   Code   RO         2081    i.HAL_RCC_GetSysClockFreq  stm32f4xx_hal_rcc.o
    0x08005938   0x08005938   0x0000049c   Code   RO         2084    i.HAL_RCC_OscConfig  stm32f4xx_hal_rcc.o
    0x08005dd4   0x08005dd4   0x000000c8   Code   RO         3282    i.HAL_SPI_Init      stm32f4xx_hal_spi.o
    0x08005e9c   0x08005e9c   0x00000158   Code   RO          479    i.HAL_SPI_MspInit   spi.o
    0x08005ff4   0x08005ff4   0x00000248   Code   RO         3291    i.HAL_SPI_TransmitReceive  stm32f4xx_hal_spi.o
    0x0800623c   0x0800623c   0x00000002   Code   RO         1570    i.HAL_TIMEx_BreakCallback  stm32f4xx_hal_tim_ex.o
    0x0800623e   0x0800623e   0x00000002   Code   RO         1571    i.HAL_TIMEx_CommutCallback  stm32f4xx_hal_tim_ex.o
    0x08006240   0x08006240   0x00000074   Code   RO         1573    i.HAL_TIMEx_ConfigBreakDeadTime  stm32f4xx_hal_tim_ex.o
    0x080062b4   0x080062b4   0x000000b4   Code   RO         1589    i.HAL_TIMEx_MasterConfigSynchronization  stm32f4xx_hal_tim_ex.o
    0x08006368   0x08006368   0x00000066   Code   RO          855    i.HAL_TIM_Base_Init  stm32f4xx_hal_tim.o
    0x080063ce   0x080063ce   0x00000002   PAD
    0x080063d0   0x080063d0   0x00000064   Code   RO          521    i.HAL_TIM_Base_MspInit  tim.o
    0x08006434   0x08006434   0x000000a8   Code   RO          860    i.HAL_TIM_Base_Start_IT  stm32f4xx_hal_tim.o
    0x080064dc   0x080064dc   0x0000010c   Code   RO          864    i.HAL_TIM_ConfigClockSource  stm32f4xx_hal_tim.o
    0x080065e8   0x080065e8   0x00000002   Code   RO          889    i.HAL_TIM_IC_CaptureCallback  stm32f4xx_hal_tim.o
    0x080065ea   0x080065ea   0x0000016c   Code   RO          903    i.HAL_TIM_IRQHandler  stm32f4xx_hal_tim.o
    0x08006756   0x08006756   0x00000002   PAD
    0x08006758   0x08006758   0x00000060   Code   RO          522    i.HAL_TIM_MspPostInit  tim.o
    0x080067b8   0x080067b8   0x00000002   Code   RO          906    i.HAL_TIM_OC_DelayElapsedCallback  stm32f4xx_hal_tim.o
    0x080067ba   0x080067ba   0x00000104   Code   RO          927    i.HAL_TIM_PWM_ConfigChannel  stm32f4xx_hal_tim.o
    0x080068be   0x080068be   0x00000066   Code   RO          930    i.HAL_TIM_PWM_Init  stm32f4xx_hal_tim.o
    0x08006924   0x08006924   0x00000034   Code   RO          524    i.HAL_TIM_PWM_MspInit  tim.o
    0x08006958   0x08006958   0x00000002   Code   RO          933    i.HAL_TIM_PWM_PulseFinishedCallback  stm32f4xx_hal_tim.o
    0x0800695a   0x0800695a   0x00000002   PAD
    0x0800695c   0x0800695c   0x0000010c   Code   RO          935    i.HAL_TIM_PWM_Start  stm32f4xx_hal_tim.o
    0x08006a68   0x08006a68   0x000000a8   Code   RO          938    i.HAL_TIM_PWM_Stop  stm32f4xx_hal_tim.o
    0x08006b10   0x08006b10   0x00000018   Code   RO           14    i.HAL_TIM_PeriodElapsedCallback  main.o
    0x08006b28   0x08006b28   0x00000002   Code   RO          946    i.HAL_TIM_TriggerCallback  stm32f4xx_hal_tim.o
    0x08006b2a   0x08006b2a   0x00000002   Code   RO         3605    i.HAL_UARTEx_RxEventCallback  stm32f4xx_hal_uart.o
    0x08006b2c   0x08006b2c   0x00000002   Code   RO         3619    i.HAL_UART_ErrorCallback  stm32f4xx_hal_uart.o
    0x08006b2e   0x08006b2e   0x00000002   PAD
    0x08006b30   0x08006b30   0x00000308   Code   RO         3622    i.HAL_UART_IRQHandler  stm32f4xx_hal_uart.o
    0x08006e38   0x08006e38   0x00000076   Code   RO         3623    i.HAL_UART_Init     stm32f4xx_hal_uart.o
    0x08006eae   0x08006eae   0x00000002   PAD
    0x08006eb0   0x08006eb0   0x00000304   Code   RO          593    i.HAL_UART_MspInit  usart.o
    0x080071b4   0x080071b4   0x00000002   Code   RO         3629    i.HAL_UART_RxCpltCallback  stm32f4xx_hal_uart.o
    0x080071b6   0x080071b6   0x000000be   Code   RO         3631    i.HAL_UART_Transmit  stm32f4xx_hal_uart.o
    0x08007274   0x08007274   0x00000002   Code   RO         3634    i.HAL_UART_TxCpltCallback  stm32f4xx_hal_uart.o
    0x08007276   0x08007276   0x00000004   Code   RO          657    i.HardFault_Handler  stm32f4xx_it.o
    0x0800727a   0x0800727a   0x00000002   PAD
    0x0800727c   0x0800727c   0x00000008   Code   RO         5762    i.INS_GetINSPtr     app_ins.o
    0x08007284   0x08007284   0x00000078   Code   RO         5763    i.INS_Init          app_ins.o
    0x080072fc   0x080072fc   0x00000060   Code   RO         5581    i.Init_InitAll      app_init.o
    0x0800735c   0x0800735c   0x0000001c   Code   RO         5582    i.Init_Task         app_init.o
    0x08007378   0x08007378   0x000002d0   Code   RO         5764    i.Ins_Task          app_ins.o
    0x08007648   0x08007648   0x00000118   Code   RO         8502    i.Kalman_Adjustment_H_K_R  alg_kalman.o
    0x08007760   0x08007760   0x00000662   Code   RO         8503    i.Kalman_FilterInit  alg_kalman.o
    0x08007dc2   0x08007dc2   0x00000038   Code   RO         8504    i.Kalman_FilterMeasure  alg_kalman.o
    0x08007dfa   0x08007dfa   0x00000068   Code   RO         8505    i.Kalman_FilterPUpdate  alg_kalman.o
    0x08007e62   0x08007e62   0x00000068   Code   RO         8506    i.Kalman_FilterPminusUpdate  alg_kalman.o
    0x08007eca   0x08007eca   0x000000d2   Code   RO         8507    i.Kalman_FilterSetK  alg_kalman.o
    0x08007f9c   0x08007f9c   0x00000114   Code   RO         8508    i.Kalman_FilterUpdate  alg_kalman.o
    0x080080b0   0x080080b0   0x0000007c   Code   RO         8509    i.Kalman_FilterxhatMinusUpdate  alg_kalman.o
    0x0800812c   0x0800812c   0x00000086   Code   RO         8510    i.Kalman_FilterxhatUpdate  alg_kalman.o
    0x080081b2   0x080081b2   0x00000002   PAD
    0x080081b4   0x080081b4   0x00000044   Code   RO          407    i.MX_CAN1_Init      can.o
    0x080081f8   0x080081f8   0x00000044   Code   RO          408    i.MX_CAN2_Init      can.o
    0x0800823c   0x0800823c   0x000000a8   Code   RO          454    i.MX_DMA_Init       dma.o
    0x080082e4   0x080082e4   0x00000124   Code   RO          294    i.MX_FREERTOS_Init  freertos.o
    0x08008408   0x08008408   0x000001d4   Code   RO          258    i.MX_GPIO_Init      gpio.o
    0x080085dc   0x080085dc   0x00000048   Code   RO          480    i.MX_SPI1_Init      spi.o
    0x08008624   0x08008624   0x00000050   Code   RO          525    i.MX_TIM12_Init     tim.o
    0x08008674   0x08008674   0x000000b0   Code   RO          526    i.MX_TIM1_Init      tim.o
    0x08008724   0x08008724   0x00000070   Code   RO          527    i.MX_TIM8_Init      tim.o
    0x08008794   0x08008794   0x00000038   Code   RO          594    i.MX_USART1_UART_Init  usart.o
    0x080087cc   0x080087cc   0x0000003c   Code   RO          595    i.MX_USART3_UART_Init  usart.o
    0x08008808   0x08008808   0x00000038   Code   RO          596    i.MX_USART6_UART_Init  usart.o
    0x08008840   0x08008840   0x0000005a   Code   RO         8653    i.Math_Differential  alg_math.o
    0x0800889a   0x0800889a   0x0000000a   Code   RO         8656    i.Math_InitSlopeParam  alg_math.o
    0x080088a4   0x080088a4   0x0000003c   Code   RO         8657    i.Math_InvSqrt      alg_math.o
    0x080088e0   0x080088e0   0x00000004   Code   RO          658    i.MemManage_Handler  stm32f4xx_it.o
    0x080088e4   0x080088e4   0x00000084   Code   RO         6795    i.Motor_EncoderDecodeCallback  periph_motor.o
    0x08008968   0x08008968   0x00000050   Code   RO         6796    i.Motor_GetMotorOutput  periph_motor.o
    0x080089b8   0x080089b8   0x000001f0   Code   RO         6797    i.Motor_InitAllMotors  periph_motor.o
    0x08008ba8   0x08008ba8   0x0000004c   Code   RO         6798    i.Motor_InitMotor   periph_motor.o
    0x08008bf4   0x08008bf4   0x00000044   Code   RO         6799    i.Motor_InitMotorGroup  periph_motor.o
    0x08008c38   0x08008c38   0x00000034   Code   RO         6800    i.Motor_IsAnyMotorOffline  periph_motor.o
    0x08008c6c   0x08008c6c   0x0000002a   Code   RO         6801    i.Motor_IsMotorOffline  periph_motor.o
    0x08008c96   0x08008c96   0x00000084   Code   RO         6802    i.Motor_SendMotorGroupOutput  periph_motor.o
    0x08008d1a   0x08008d1a   0x00000006   Code   RO         6804    i.Motor_SetMotorOutput  periph_motor.o
    0x08008d20   0x08008d20   0x00000008   Code   RO         6089    i.MyUART_Init       app_autoaim.o
    0x08008d28   0x08008d28   0x00000004   Code   RO          659    i.NMI_Handler       stm32f4xx_it.o
    0x08008d2c   0x08008d2c   0x00000024   Code   RO         7869    i.PC_Comm_CalculateCRC8  periph_pc_comm.o
    0x08008d50   0x08008d50   0x000000ec   Code   RO         7870    i.PC_Comm_DecodePacket  periph_pc_comm.o
    0x08008e3c   0x08008e3c   0x00000030   Code   RO         7872    i.PC_Comm_Init      periph_pc_comm.o
    0x08008e6c   0x08008e6c   0x00000088   Code   RO         7873    i.PC_Comm_RXCallback  periph_pc_comm.o
    0x08008ef4   0x08008ef4   0x00000028   Code   RO         7874    i.PC_Comm_ResetData  periph_pc_comm.o
    0x08008f1c   0x08008f1c   0x0000001c   Code   RO         7875    i.PC_Comm_VerifyChecksum  periph_pc_comm.o
    0x08008f38   0x08008f38   0x0000000e   Code   RO         8728    i.PID_AddPIDRef     alg_pid.o
    0x08008f46   0x08008f46   0x0000035c   Code   RO         8729    i.PID_CalcPID       alg_pid.o
    0x080092a2   0x080092a2   0x00000002   PAD
    0x080092a4   0x080092a4   0x00000070   Code   RO         8730    i.PID_ClearPID      alg_pid.o
    0x08009314   0x08009314   0x00000006   Code   RO         8731    i.PID_GetPIDFdb     alg_pid.o
    0x0800931a   0x0800931a   0x00000006   Code   RO         8732    i.PID_GetPIDOutput  alg_pid.o
    0x08009320   0x08009320   0x00000006   Code   RO         8733    i.PID_GetPIDRef     alg_pid.o
    0x08009326   0x08009326   0x0000008a   Code   RO         8734    i.PID_InitPIDParam  alg_pid.o
    0x080093b0   0x080093b0   0x00000006   Code   RO         8735    i.PID_SetPIDFdb     alg_pid.o
    0x080093b6   0x080093b6   0x00000006   Code   RO         8736    i.PID_SetPIDRef     alg_pid.o
    0x080093bc   0x080093bc   0x00000064   Code   RO         8111    i.PWM_InitPWM       util_pwm.o
    0x08009420   0x08009420   0x00000066   Code   RO         8112    i.PWM_SetPWMDuty    util_pwm.o
    0x08009486   0x08009486   0x00000002   PAD
    0x08009488   0x08009488   0x0000006c   Code   RO         8113    i.PWM_SetPWMFreq    util_pwm.o
    0x080094f4   0x080094f4   0x0000001a   Code   RO         8114    i.PWM_StartPWM      util_pwm.o
    0x0800950e   0x0800950e   0x0000001c   Code   RO         8115    i.PWM_StopPWM       util_pwm.o
    0x0800952a   0x0800952a   0x00000006   Code   RO         7220    i.P_aerial_robot_energy  periph_referee.o
    0x08009530   0x08009530   0x0000000e   Code   RO         7221    i.P_ext_buff        periph_referee.o
    0x0800953e   0x0800953e   0x00000006   Code   RO         7222    i.P_ext_bullet_remaining  periph_referee.o
    0x08009544   0x08009544   0x00000006   Code   RO         7223    i.P_ext_dart_cmd    periph_referee.o
    0x0800954a   0x0800954a   0x00000006   Code   RO         7224    i.P_ext_dart_remaining_time  periph_referee.o
    0x08009550   0x08009550   0x00000006   Code   RO         7225    i.P_ext_dart_status  periph_referee.o
    0x08009556   0x08009556   0x0000000e   Code   RO         7226    i.P_ext_event_data  periph_referee.o
    0x08009564   0x08009564   0x00000006   Code   RO         7227    i.P_ext_game_result  periph_referee.o
    0x0800956a   0x0800956a   0x00000006   Code   RO         7228    i.P_ext_game_robot_HP  periph_referee.o
    0x08009570   0x08009570   0x00000020   Code   RO         7229    i.P_ext_game_robot_pos  periph_referee.o
    0x08009590   0x08009590   0x00000068   Code   RO         7230    i.P_ext_game_robot_status  periph_referee.o
    0x080095f8   0x080095f8   0x00000022   Code   RO         7231    i.P_ext_game_status  periph_referee.o
    0x0800961a   0x0800961a   0x0000002c   Code   RO         7232    i.P_ext_power_heat_data  periph_referee.o
    0x08009646   0x08009646   0x00000006   Code   RO         7233    i.P_ext_referee_warning  periph_referee.o
    0x0800964c   0x0800964c   0x00000006   Code   RO         7234    i.P_ext_rfid_status  periph_referee.o
    0x08009652   0x08009652   0x00000006   Code   RO         7235    i.P_ext_robot_hurt  periph_referee.o
    0x08009658   0x08009658   0x0000001c   Code   RO         7236    i.P_ext_shoot_data  periph_referee.o
    0x08009674   0x08009674   0x00000006   Code   RO         7237    i.P_ext_supply_projectile_action  periph_referee.o
    0x0800967a   0x0800967a   0x00000002   PAD
    0x0800967c   0x0800967c   0x00000374   Code   RO         5765    i.Param_Correction  app_ins.o
    0x080099f0   0x080099f0   0x00000008   Code   RO         8957    i.Protocol_GetBusDataPtr  protocol_common.o
    0x080099f8   0x080099f8   0x00000008   Code   RO         8958    i.Protocol_InitProtocol  protocol_common.o
    0x08009a00   0x08009a00   0x00000020   Code   RO         8959    i.Protocol_IsProtocolOffline  protocol_common.o
    0x08009a20   0x08009a20   0x00000010   Code   RO         8960    i.Protocol_ResetProtocolData  protocol_common.o
    0x08009a30   0x08009a30   0x00000010   Code   RO         8961    i.Protocol_SendBlockError  protocol_common.o
    0x08009a40   0x08009a40   0x000000b0   Code   RO         8962    i.Protocol_SendProtocolData  protocol_common.o
    0x08009af0   0x08009af0   0x00000238   Code   RO         8800    i.QuaternionEKF_F_Linearization_P_Fading  alg_quaternionekf.o
    0x08009d28   0x08009d28   0x00000130   Code   RO         8801    i.QuaternionEKF_Init  alg_quaternionekf.o
    0x08009e58   0x08009e58   0x00000034   Code   RO         8802    i.QuaternionEKF_Observe  alg_quaternionekf.o
    0x08009e8c   0x08009e8c   0x00000124   Code   RO         8803    i.QuaternionEKF_SetH  alg_quaternionekf.o
    0x08009fb0   0x08009fb0   0x0000063c   Code   RO         8804    i.QuaternionEKF_Update  alg_quaternionekf.o
    0x0800a5ec   0x0800a5ec   0x000004fc   Code   RO         8805    i.QuaternionEKF_xhatUpdate  alg_quaternionekf.o
    0x0800aae8   0x0800aae8   0x000000bc   Code   RO         7239    i.Referee_DrawingBufferFlush  periph_referee.o
    0x0800aba4   0x0800aba4   0x00000038   Code   RO         7240    i.Referee_DrawingBufferPush  periph_referee.o
    0x0800abdc   0x0800abdc   0x00000030   Code   RO         7241    i.Referee_DrawingBufferPushDummy  periph_referee.o
    0x0800ac0c   0x0800ac0c   0x00000028   Code   RO         7243    i.Referee_GetClientIDByRobotID  periph_referee.o
    0x0800ac34   0x0800ac34   0x00000008   Code   RO         7244    i.Referee_GetRefereeDataPtr  periph_referee.o
    0x0800ac3c   0x0800ac3c   0x00000014   Code   RO         7246    i.Referee_IsDrawingBufferEmpty  periph_referee.o
    0x0800ac50   0x0800ac50   0x0000005c   Code   RO         7248    i.Referee_PackFloatGraphicData  periph_referee.o
    0x0800acac   0x0800acac   0x000000e8   Code   RO         7249    i.Referee_PackGraphicData  periph_referee.o
    0x0800ad94   0x0800ad94   0x00000054   Code   RO         7251    i.Referee_PackStringGraphicData  periph_referee.o
    0x0800ade8   0x0800ade8   0x000000b8   Code   RO         7256    i.Referee_SendDrawingCmd  periph_referee.o
    0x0800aea0   0x0800aea0   0x00000044   Code   RO         7257    i.Referee_SendDrawingStringCmd  periph_referee.o
    0x0800aee4   0x0800aee4   0x000000d0   Code   RO         7258    i.Referee_SendInteractiveData  periph_referee.o
    0x0800afb4   0x0800afb4   0x00000094   Code   RO         6189    i.Referee_Setup     module_referee.o
    0x0800b048   0x0800b048   0x00000074   Code   RO         6190    i.Referee_SetupAimLine  module_referee.o
    0x0800b0bc   0x0800b0bc   0x00000108   Code   RO         6192    i.Referee_SetupCapState  module_referee.o
    0x0800b1c4   0x0800b1c4   0x00000028   Code   RO         6193    i.Referee_SetupCrosshair  module_referee.o
    0x0800b1ec   0x0800b1ec   0x0000005c   Code   RO         6196    i.Referee_SetupPitchMeter  module_referee.o
    0x0800b248   0x0800b248   0x00000078   Code   RO         6197    i.Referee_SetupWidthMark  module_referee.o
    0x0800b2c0   0x0800b2c0   0x00000028   Code   RO         6026    i.Referee_Task      app_referee.o
    0x0800b2e8   0x0800b2e8   0x00000024   Code   RO         6198    i.Referee_Update    module_referee.o
    0x0800b30c   0x0800b30c   0x00000080   Code   RO         6199    i.Referee_UpdateAimLine  module_referee.o
    0x0800b38c   0x0800b38c   0x000000ac   Code   RO         6200    i.Referee_UpdateCapState  module_referee.o
    0x0800b438   0x0800b438   0x00000002   Code   RO         6201    i.Referee_UpdateCrosshair  module_referee.o
    0x0800b43a   0x0800b43a   0x00000002   Code   RO         6202    i.Referee_UpdateErrorDisplay  module_referee.o
    0x0800b43c   0x0800b43c   0x00000154   Code   RO         6203    i.Referee_UpdateModeDisplay  module_referee.o
    0x0800b590   0x0800b590   0x0000005c   Code   RO         6204    i.Referee_UpdatePitchMeter  module_referee.o
    0x0800b5ec   0x0800b5ec   0x00000084   Code   RO         6205    i.Referee_UpdateWidthMark  module_referee.o
    0x0800b670   0x0800b670   0x0000000a   Code   RO         7617    i.Remote_CancelChannelOffset  periph_remote.o
    0x0800b67a   0x0800b67a   0x00000002   PAD
    0x0800b67c   0x0800b67c   0x0000004c   Code   RO         5907    i.Remote_ControlCom  app_remote.o
    0x0800b6c8   0x0800b6c8   0x000001d2   Code   RO         7618    i.Remote_DecodeKeyboardData  periph_remote.o
    0x0800b89a   0x0800b89a   0x00000100   Code   RO         7619    i.Remote_DecodeRemoteData  periph_remote.o
    0x0800b99a   0x0800b99a   0x00000002   PAD
    0x0800b99c   0x0800b99c   0x00000008   Code   RO         5908    i.Remote_GetControlDataPtr  app_remote.o
    0x0800b9a4   0x0800b9a4   0x00000008   Code   RO         7620    i.Remote_GetRemoteDataPtr  periph_remote.o
    0x0800b9ac   0x0800b9ac   0x00000030   Code   RO         7621    i.Remote_InitRemote  periph_remote.o
    0x0800b9dc   0x0800b9dc   0x00000048   Code   RO         7622    i.Remote_IsRemoteError  periph_remote.o
    0x0800ba24   0x0800ba24   0x0000002c   Code   RO         7623    i.Remote_IsRemoteOffline  periph_remote.o
    0x0800ba50   0x0800ba50   0x00000048   Code   RO         7624    i.Remote_RXCallback  periph_remote.o
    0x0800ba98   0x0800ba98   0x00000454   Code   RO         5911    i.Remote_RemoteProcess  app_remote.o
    0x0800beec   0x0800beec   0x00000170   Code   RO         5912    i.Remote_RemoteShooterModeSet  app_remote.o
    0x0800c05c   0x0800c05c   0x00000024   Code   RO         5913    i.Remote_RemotrControlInit  app_remote.o
    0x0800c080   0x0800c080   0x00000046   Code   RO         7625    i.Remote_ResetRemoteData  periph_remote.o
    0x0800c0c6   0x0800c0c6   0x0000000e   Code   RO         5914    i.Remote_Task       app_remote.o
    0x0800c0d4   0x0800c0d4   0x00000002   Code   RO         7626    i.Remote_ToSwitchState  periph_remote.o
    0x0800c0d6   0x0800c0d6   0x00000002   PAD
    0x0800c0d8   0x0800c0d8   0x00000088   Code   RO         3320    i.SPI_EndRxTxTransaction  stm32f4xx_hal_spi.o
    0x0800c160   0x0800c160   0x000000d8   Code   RO         3325    i.SPI_WaitFlagStateUntilTimeout  stm32f4xx_hal_spi.o
    0x0800c238   0x0800c238   0x00000088   Code   RO         6090    i.SendVisionData    app_autoaim.o
    0x0800c2c0   0x0800c2c0   0x00000030   Code   RO         6091    i.SendVisionData_Init  app_autoaim.o
    0x0800c2f0   0x0800c2f0   0x00000018   Code   RO         7130    i.Servo_InitAllServos  periph_servo.o
    0x0800c308   0x0800c308   0x00000044   Code   RO         7131    i.Servo_InitServo   periph_servo.o
    0x0800c34c   0x0800c34c   0x00000044   Code   RO         7132    i.Servo_SetServoAngle  periph_servo.o
    0x0800c390   0x0800c390   0x00000012   Code   RO         7133    i.Servo_StartServo  periph_servo.o
    0x0800c3a2   0x0800c3a2   0x0000000e   Code   RO         5998    i.Shoot_Task        app_shoot.o
    0x0800c3b0   0x0800c3b0   0x00000026   Code   RO         6493    i.Shooter_AngleCorrect  module_shoot.o
    0x0800c3d6   0x0800c3d6   0x0000003e   Code   RO         6494    i.Shooter_ChangeFeederMode  module_shoot.o
    0x0800c414   0x0800c414   0x0000000e   Code   RO         6495    i.Shooter_ChangeShooterMode  module_shoot.o
    0x0800c422   0x0800c422   0x0000000c   Code   RO         6496    i.Shooter_Control   module_shoot.o
    0x0800c42e   0x0800c42e   0x00000002   PAD
    0x0800c430   0x0800c430   0x00000160   Code   RO         6497    i.Shooter_FeederControl  module_shoot.o
    0x0800c590   0x0800c590   0x000000e4   Code   RO         6498    i.Shooter_FeederMotorLockedJudge  module_shoot.o
    0x0800c674   0x0800c674   0x0000000e   Code   RO         6499    i.Shooter_ForceChangeFeederMode  module_shoot.o
    0x0800c682   0x0800c682   0x00000052   Code   RO         6500    i.Shooter_GetRefereeSpeed  module_shoot.o
    0x0800c6d4   0x0800c6d4   0x00000052   Code   RO         6501    i.Shooter_GetShootSpeedOffset  module_shoot.o
    0x0800c726   0x0800c726   0x00000002   PAD
    0x0800c728   0x0800c728   0x00000008   Code   RO         6502    i.Shooter_GetShooterControlPtr  module_shoot.o
    0x0800c730   0x0800c730   0x00000118   Code   RO         6503    i.Shooter_HeatCtrl  module_shoot.o
    0x0800c848   0x0800c848   0x00000218   Code   RO         6504    i.Shooter_InitShooter  module_shoot.o
    0x0800ca60   0x0800ca60   0x00000048   Code   RO         6505    i.Shooter_MotorLockedHandle  module_shoot.o
    0x0800caa8   0x0800caa8   0x0000000e   Code   RO         6507    i.Shooter_SetFeederSpeed  module_shoot.o
    0x0800cab6   0x0800cab6   0x00000016   Code   RO         6508    i.Shooter_SetShooterSpeed  module_shoot.o
    0x0800cacc   0x0800cacc   0x0000011c   Code   RO         6509    i.Shooter_ShootControl  module_shoot.o
    0x0800cbe8   0x0800cbe8   0x0000001c   Code   RO         6510    i.Shooter_ShooterMotorOutput  module_shoot.o
    0x0800cc04   0x0800cc04   0x00000094   Code   RO         6511    i.Shooter_SingleShootCtrl  module_shoot.o
    0x0800cc98   0x0800cc98   0x00000034   Code   RO         6513    i.Shooter_UpdataControlData  module_shoot.o
    0x0800cccc   0x0800cccc   0x00000002   Code   RO         8424    i.SoftTimerCallback  sys_softtimer.o
    0x0800ccce   0x0800ccce   0x00000002   PAD
    0x0800ccd0   0x0800ccd0   0x00000014   Code   RO         8425    i.SoftTimer_StartAll  sys_softtimer.o
    0x0800cce4   0x0800cce4   0x00000006   Code   RO         8161    i.Spi_ErrorHandler  util_spi.o
    0x0800ccea   0x0800ccea   0x00000020   Code   RO         8163    i.Spi_ReadMuliReg   util_spi.o
    0x0800cd0a   0x0800cd0a   0x00000028   Code   RO         8166    i.Spi_SwapAbyteData  util_spi.o
    0x0800cd32   0x0800cd32   0x00000002   PAD
    0x0800cd34   0x0800cd34   0x000000d0   Code   RO         6675    i.Swerve_AddVector  module_chassis.o
    0x0800ce04   0x0800ce04   0x00000124   Code   RO         6676    i.Swerve_CalcShortestDistance  module_chassis.o
    0x0800cf28   0x0800cf28   0x00000044   Code   RO         6677    i.Swerve_NormalizeAngle360  module_chassis.o
    0x0800cf6c   0x0800cf6c   0x00000160   Code   RO         6678    i.Swerve_VectorSolveWheel  module_chassis.o
    0x0800d0cc   0x0800d0cc   0x00000048   Code   RO         6679    i.Swerve_WrapAngleError  module_chassis.o
    0x0800d114   0x0800d114   0x00000034   Code   RO         5464    i.SysTick_Handler   port.o
    0x0800d148   0x0800d148   0x000000b4   Code   RO           15    i.SystemClock_Config  main.o
    0x0800d1fc   0x0800d1fc   0x00000014   Code   RO         3967    i.SystemInit        system_stm32f4xx.o
    0x0800d210   0x0800d210   0x00000010   Code   RO          660    i.TIM6_DAC_IRQHandler  stm32f4xx_it.o
    0x0800d220   0x0800d220   0x000000e0   Code   RO          948    i.TIM_Base_SetConfig  stm32f4xx_hal_tim.o
    0x0800d300   0x0800d300   0x00000022   Code   RO          949    i.TIM_CCxChannelCmd  stm32f4xx_hal_tim.o
    0x0800d322   0x0800d322   0x00000016   Code   RO          959    i.TIM_ETR_SetConfig  stm32f4xx_hal_tim.o
    0x0800d338   0x0800d338   0x00000012   Code   RO          960    i.TIM_ITRx_SetConfig  stm32f4xx_hal_tim.o
    0x0800d34a   0x0800d34a   0x00000002   PAD
    0x0800d34c   0x0800d34c   0x00000070   Code   RO          961    i.TIM_OC1_SetConfig  stm32f4xx_hal_tim.o
    0x0800d3bc   0x0800d3bc   0x0000007c   Code   RO          962    i.TIM_OC2_SetConfig  stm32f4xx_hal_tim.o
    0x0800d438   0x0800d438   0x00000078   Code   RO          963    i.TIM_OC3_SetConfig  stm32f4xx_hal_tim.o
    0x0800d4b0   0x0800d4b0   0x00000054   Code   RO          964    i.TIM_OC4_SetConfig  stm32f4xx_hal_tim.o
    0x0800d504   0x0800d504   0x00000026   Code   RO          966    i.TIM_TI1_ConfigInputStage  stm32f4xx_hal_tim.o
    0x0800d52a   0x0800d52a   0x00000028   Code   RO          968    i.TIM_TI2_ConfigInputStage  stm32f4xx_hal_tim.o
    0x0800d552   0x0800d552   0x00000002   PAD
    0x0800d554   0x0800d554   0x0000013c   Code   RO         6092    i.Tidy_send_vision  app_autoaim.o
    0x0800d690   0x0800d690   0x00000012   Code   RO         3636    i.UART_DMAAbortOnError  stm32f4xx_hal_uart.o
    0x0800d6a2   0x0800d6a2   0x0000006c   Code   RO         3646    i.UART_EndRxTransfer  stm32f4xx_hal_uart.o
    0x0800d70e   0x0800d70e   0x00000020   Code   RO         3647    i.UART_EndTransmit_IT  stm32f4xx_hal_uart.o
    0x0800d72e   0x0800d72e   0x000000fc   Code   RO         3649    i.UART_Receive_IT   stm32f4xx_hal_uart.o
    0x0800d82a   0x0800d82a   0x00000002   PAD
    0x0800d82c   0x0800d82c   0x0000022c   Code   RO         3650    i.UART_SetConfig    stm32f4xx_hal_uart.o
    0x0800da58   0x0800da58   0x00000060   Code   RO         3653    i.UART_Transmit_IT  stm32f4xx_hal_uart.o
    0x0800dab8   0x0800dab8   0x0000008c   Code   RO         3654    i.UART_WaitOnFlagUntilTimeout  stm32f4xx_hal_uart.o
    0x0800db44   0x0800db44   0x00000128   Code   RO          661    i.USART1_IRQHandler  stm32f4xx_it.o
    0x0800dc6c   0x0800dc6c   0x00000014   Code   RO          662    i.USART3_IRQHandler  stm32f4xx_it.o
    0x0800dc80   0x0800dc80   0x00000014   Code   RO          663    i.USART6_IRQHandler  stm32f4xx_it.o
    0x0800dc94   0x0800dc94   0x00000008   Code   RO         8250    i.Uart_DMACurrentDataCounter  util_uart.o
    0x0800dc9c   0x0800dc9c   0x00000006   Code   RO         8251    i.Uart_ErrorHandler  util_uart.o
    0x0800dca2   0x0800dca2   0x00000026   Code   RO         8252    i.Uart_InitUartDMA  util_uart.o
    0x0800dcc8   0x0800dcc8   0x00000042   Code   RO         8253    i.Uart_ReceiveDMA   util_uart.o
    0x0800dd0a   0x0800dd0a   0x00000038   Code   RO         8254    i.Uart_ReceiveHandler  util_uart.o
    0x0800dd42   0x0800dd42   0x00000002   PAD
    0x0800dd44   0x0800dd44   0x0000002c   Code   RO         8255    i.Uart_RxIdleCallback  util_uart.o
    0x0800dd70   0x0800dd70   0x00000026   Code   RO         8256    i.Uart_SendMessage  util_uart.o
    0x0800dd96   0x0800dd96   0x00000004   Code   RO          664    i.UsageFault_Handler  stm32f4xx_it.o
    0x0800dd9a   0x0800dd9a   0x00000002   PAD
    0x0800dd9c   0x0800dd9c   0x00000058   Code   RO         5864    i.WatchDog_Feed     app_watchdog.o
    0x0800ddf4   0x0800ddf4   0x00000018   Code   RO         5865    i.WatchDog_Task     app_watchdog.o
    0x0800de0c   0x0800de0c   0x00000026   Code   RO         9597    i.__ARM_fpclassifyf  m_wm.l(fpclassifyf.o)
    0x0800de32   0x0800de32   0x00000002   PAD
    0x0800de34   0x0800de34   0x00000010   Code   RO         2876    i.__NVIC_GetPriorityGrouping  stm32f4xx_hal_cortex.o
    0x0800de44   0x0800de44   0x00000028   Code   RO         2877    i.__NVIC_SetPriority  stm32f4xx_hal_cortex.o
    0x0800de6c   0x0800de6c   0x00000118   Code   RO         9391    i.__hardfp_acosf    m_wm.l(acosf.o)
    0x0800df84   0x0800df84   0x0000012c   Code   RO         9403    i.__hardfp_asinf    m_wm.l(asinf.o)
    0x0800e0b0   0x0800e0b0   0x00000250   Code   RO         9415    i.__hardfp_atan2f   m_wm.l(atan2f.o)
    0x0800e300   0x0800e300   0x00000150   Code   RO         9427    i.__hardfp_cosf     m_wm.l(cosf.o)
    0x0800e450   0x0800e450   0x00000014   Code   RO         9439    i.__hardfp_fabs     m_wm.l(fabs.o)
    0x0800e464   0x0800e464   0x000000b0   Code   RO         9445    i.__hardfp_fmodf    m_wm.l(fmodf.o)
    0x0800e514   0x0800e514   0x00000190   Code   RO         9471    i.__hardfp_sinf     m_wm.l(sinf.o)
    0x0800e6a4   0x0800e6a4   0x0000003a   Code   RO         9483    i.__hardfp_sqrtf    m_wm.l(sqrtf.o)
    0x0800e6de   0x0800e6de   0x00000006   Code   RO         9600    i.__mathlib_flt_infnan  m_wm.l(funder.o)
    0x0800e6e4   0x0800e6e4   0x00000006   Code   RO         9601    i.__mathlib_flt_infnan2  m_wm.l(funder.o)
    0x0800e6ea   0x0800e6ea   0x00000002   PAD
    0x0800e6ec   0x0800e6ec   0x00000010   Code   RO         9602    i.__mathlib_flt_invalid  m_wm.l(funder.o)
    0x0800e6fc   0x0800e6fc   0x00000010   Code   RO         9605    i.__mathlib_flt_underflow  m_wm.l(funder.o)
    0x0800e70c   0x0800e70c   0x00000154   Code   RO         9613    i.__mathlib_rredf2  m_wm.l(rredf.o)
    0x0800e860   0x0800e860   0x0000005c   Code   RO         9096    i._send_chassis_ref  protocol_transmit.o
    0x0800e8bc   0x0800e8bc   0x0000005c   Code   RO         9097    i._send_imu_data    protocol_transmit.o
    0x0800e918   0x0800e918   0x00000050   Code   RO         9098    i._send_leg_ref     protocol_transmit.o
    0x0800e968   0x0800e968   0x0000005c   Code   RO         9099    i._send_mode        protocol_transmit.o
    0x0800e9c4   0x0800e9c4   0x0000000c   Code   RO         8858    i.buff2float        lib_buff.o
    0x0800e9d0   0x0800e9d0   0x0000003c   Code   RO         6901    i.canx_send_data    periph_dmmotor.o
    0x0800ea0c   0x0800ea0c   0x00000048   Code   RO         6904    i.dm_motor_ctrl_send  periph_dmmotor.o
    0x0800ea54   0x0800ea54   0x0000001c   Code   RO         6905    i.dm_motor_detect   periph_dmmotor.o
    0x0800ea70   0x0800ea70   0x00000058   Code   RO         6907    i.dm_motor_enable   periph_dmmotor.o
    0x0800eac8   0x0800eac8   0x000000b6   Code   RO         6908    i.dm_motor_fbdata   periph_dmmotor.o
    0x0800eb7e   0x0800eb7e   0x00000002   PAD
    0x0800eb80   0x0800eb80   0x00000070   Code   RO         6909    i.dm_motor_init     periph_dmmotor.o
    0x0800ebf0   0x0800ebf0   0x00000042   Code   RO         6910    i.enable_motor_mode  periph_dmmotor.o
    0x0800ec32   0x0800ec32   0x0000000c   Code   RO         8862    i.float2buff        lib_buff.o
    0x0800ec3e   0x0800ec3e   0x0000004e   Code   RO         6911    i.float_to_uint     periph_dmmotor.o
    0x0800ec8c   0x0800ec8c   0x00000024   Code   RO         5915    i.get_abs           app_remote.o
    0x0800ecb0   0x0800ecb0   0x0000003c   Code   RO         6093    i.get_shoot_msg     app_autoaim.o
    0x0800ecec   0x0800ecec   0x00000108   Code   RO         6805    i.gm6020_encoder_callback  periph_motor.o
    0x0800edf4   0x0800edf4   0x00000010   Code   RO         5027    i.inHandlerMode     cmsis_os.o
    0x0800ee04   0x0800ee04   0x00000048   Code   RO         5916    i.limit_siqu        app_remote.o
    0x0800ee4c   0x0800ee4c   0x0000004c   Code   RO           16    i.main              main.o
    0x0800ee98   0x0800ee98   0x0000000e   Code   RO         5029    i.makeFreeRtosPriority  cmsis_os.o
    0x0800eea6   0x0800eea6   0x00000002   PAD
    0x0800eea8   0x0800eea8   0x0000011c   Code   RO         6912    i.mit_ctrl          periph_dmmotor.o
    0x0800efc4   0x0800efc4   0x00000018   Code   RO         5031    i.osDelay           cmsis_os.o
    0x0800efdc   0x0800efdc   0x0000000a   Code   RO         5034    i.osKernelStart     cmsis_os.o
    0x0800efe6   0x0800efe6   0x0000005e   Code   RO         5068    i.osThreadCreate    cmsis_os.o
    0x0800f044   0x0800f044   0x0000004c   Code   RO         5081    i.osTimerCreate     cmsis_os.o
    0x0800f090   0x0800f090   0x00000068   Code   RO         5083    i.osTimerStart      cmsis_os.o
    0x0800f0f8   0x0800f0f8   0x000000a4   Code   RO         4497    i.prvAddCurrentTaskToDelayedList  tasks.o
    0x0800f19c   0x0800f19c   0x000000b4   Code   RO         4498    i.prvAddNewTaskToReadyList  tasks.o
    0x0800f250   0x0800f250   0x00000074   Code   RO         4861    i.prvCheckForValidListAndQueue  timers.o
    0x0800f2c4   0x0800f2c4   0x00000048   Code   RO         4499    i.prvCheckTasksWaitingTermination  tasks.o
    0x0800f30c   0x0800f30c   0x0000002a   Code   RO         4144    i.prvCopyDataFromQueue  queue.o
    0x0800f336   0x0800f336   0x0000007e   Code   RO         4145    i.prvCopyDataToQueue  queue.o
    0x0800f3b4   0x0800f3b4   0x00000050   Code   RO         4500    i.prvDeleteTCB      tasks.o
    0x0800f404   0x0800f404   0x00000028   Code   RO         4862    i.prvGetNextExpireTime  timers.o
    0x0800f42c   0x0800f42c   0x0000007c   Code   RO         5408    i.prvHeapInit       heap_4.o
    0x0800f4a8   0x0800f4a8   0x00000028   Code   RO         4501    i.prvIdleTask       tasks.o
    0x0800f4d0   0x0800f4d0   0x00000026   Code   RO         4148    i.prvInitialiseNewQueue  queue.o
    0x0800f4f6   0x0800f4f6   0x000000c2   Code   RO         4502    i.prvInitialiseNewTask  tasks.o
    0x0800f5b8   0x0800f5b8   0x0000005a   Code   RO         4863    i.prvInitialiseNewTimer  timers.o
    0x0800f612   0x0800f612   0x00000002   PAD
    0x0800f614   0x0800f614   0x00000068   Code   RO         4503    i.prvInitialiseTaskLists  tasks.o
    0x0800f67c   0x0800f67c   0x00000068   Code   RO         5409    i.prvInsertBlockIntoFreeList  heap_4.o
    0x0800f6e4   0x0800f6e4   0x00000058   Code   RO         4864    i.prvInsertTimerInActiveList  timers.o
    0x0800f73c   0x0800f73c   0x0000001a   Code   RO         4149    i.prvIsQueueEmpty   queue.o
    0x0800f756   0x0800f756   0x0000001e   Code   RO         4150    i.prvIsQueueFull    queue.o
    0x0800f774   0x0800f774   0x00000074   Code   RO         4865    i.prvProcessExpiredTimer  timers.o
    0x0800f7e8   0x0800f7e8   0x00000164   Code   RO         4866    i.prvProcessReceivedCommands  timers.o
    0x0800f94c   0x0800f94c   0x00000074   Code   RO         4867    i.prvProcessTimerOrBlockTask  timers.o
    0x0800f9c0   0x0800f9c0   0x00000034   Code   RO         4504    i.prvResetNextTaskUnblockTime  tasks.o
    0x0800f9f4   0x0800f9f4   0x0000002c   Code   RO         4868    i.prvSampleTimeNow  timers.o
    0x0800fa20   0x0800fa20   0x000000a4   Code   RO         4869    i.prvSwitchTimerLists  timers.o
    0x0800fac4   0x0800fac4   0x00000040   Code   RO         5465    i.prvTaskExitError  port.o
    0x0800fb04   0x0800fb04   0x0000001a   Code   RO         4870    i.prvTimerTask      timers.o
    0x0800fb1e   0x0800fb1e   0x0000007e   Code   RO         4151    i.prvUnlockQueue    queue.o
    0x0800fb9c   0x0800fb9c   0x0000014c   Code   RO         5410    i.pvPortMalloc      heap_4.o
    0x0800fce8   0x0800fce8   0x0000002c   Code   RO         5466    i.pxPortInitialiseStack  port.o
    0x0800fd14   0x0800fd14   0x000001d4   Code   RO         6806    i.rm2006_encoder_callback  periph_motor.o
    0x0800fee8   0x0800fee8   0x000001dc   Code   RO         6807    i.rm3508_encoder_callback  periph_motor.o
    0x080100c4   0x080100c4   0x0000003e   Code   RO         9485    i.sqrtf             m_wm.l(sqrtf.o)
    0x08010102   0x08010102   0x0000000a   Code   RO         8864    i.ui322buff         lib_buff.o
    0x0801010c   0x0801010c   0x00000034   Code   RO         6913    i.uint_to_float     periph_dmmotor.o
    0x08010140   0x08010140   0x00000104   Code   RO         7706    i.usart1_rx_dma_init  periph_autoaim.o
    0x08010244   0x08010244   0x00000074   Code   RO         7708    i.usart1_tx_dma_init  periph_autoaim.o
    0x080102b8   0x080102b8   0x00000028   Code   RO         4104    i.uxListRemove      list.o
    0x080102e0   0x080102e0   0x00000018   Code   RO          300    i.vApplicationGetIdleTaskMemory  freertos.o
    0x080102f8   0x080102f8   0x00000018   Code   RO          301    i.vApplicationGetTimerTaskMemory  freertos.o
    0x08010310   0x08010310   0x0000001a   Code   RO         4105    i.vListInitialise   list.o
    0x0801032a   0x0801032a   0x00000006   Code   RO         4106    i.vListInitialiseItem  list.o
    0x08010330   0x08010330   0x00000034   Code   RO         4107    i.vListInsert       list.o
    0x08010364   0x08010364   0x00000018   Code   RO         4108    i.vListInsertEnd    list.o
    0x0801037c   0x0801037c   0x00000054   Code   RO         5468    i.vPortEnterCritical  port.o
    0x080103d0   0x080103d0   0x0000003c   Code   RO         5469    i.vPortExitCritical  port.o
    0x0801040c   0x0801040c   0x000000a4   Code   RO         5411    i.vPortFree         heap_4.o
    0x080104b0   0x080104b0   0x00000028   Code   RO         5470    i.vPortSetupTimerInterrupt  port.o
    0x080104d8   0x080104d8   0x00000078   Code   RO         5471    i.vPortValidateInterruptPriority  port.o
    0x08010550   0x08010550   0x0000002c   Code   RO         4155    i.vQueueAddToRegistry  queue.o
    0x0801057c   0x0801057c   0x0000004a   Code   RO         4158    i.vQueueWaitForMessageRestricted  queue.o
    0x080105c6   0x080105c6   0x00000002   PAD
    0x080105c8   0x080105c8   0x0000005c   Code   RO         4516    i.vTaskDelay        tasks.o
    0x08010624   0x08010624   0x00000018   Code   RO         4520    i.vTaskInternalSetTimeOutState  tasks.o
    0x0801063c   0x0801063c   0x0000000c   Code   RO         4521    i.vTaskMissedYield  tasks.o
    0x08010648   0x08010648   0x00000038   Code   RO         4523    i.vTaskPlaceOnEventList  tasks.o
    0x08010680   0x08010680   0x00000040   Code   RO         4524    i.vTaskPlaceOnEventListRestricted  tasks.o
    0x080106c0   0x080106c0   0x000000b8   Code   RO         4531    i.vTaskStartScheduler  tasks.o
    0x08010778   0x08010778   0x000000f4   Code   RO         4532    i.vTaskSuspend      tasks.o
    0x0801086c   0x0801086c   0x00000010   Code   RO         4533    i.vTaskSuspendAll   tasks.o
    0x0801087c   0x0801087c   0x0000008c   Code   RO         4534    i.vTaskSwitchContext  tasks.o
    0x08010908   0x08010908   0x00000168   Code   RO         5472    i.xPortStartScheduler  port.o
    0x08010a70   0x08010a70   0x000000e0   Code   RO         4162    i.xQueueGenericCreateStatic  queue.o
    0x08010b50   0x08010b50   0x00000098   Code   RO         4163    i.xQueueGenericReset  queue.o
    0x08010be8   0x08010be8   0x000001a8   Code   RO         4164    i.xQueueGenericSend  queue.o
    0x08010d90   0x08010d90   0x000000fc   Code   RO         4165    i.xQueueGenericSendFromISR  queue.o
    0x08010e8c   0x08010e8c   0x00000168   Code   RO         4173    i.xQueueReceive     queue.o
    0x08010ff4   0x08010ff4   0x000000a8   Code   RO         4537    i.xTaskCheckForTimeOut  tasks.o
    0x0801109c   0x0801109c   0x00000064   Code   RO         4538    i.xTaskCreate       tasks.o
    0x08011100   0x08011100   0x000000ba   Code   RO         4539    i.xTaskCreateStatic  tasks.o
    0x080111ba   0x080111ba   0x00000002   PAD
    0x080111bc   0x080111bc   0x00000020   Code   RO         4544    i.xTaskGetSchedulerState  tasks.o
    0x080111dc   0x080111dc   0x0000000c   Code   RO         4545    i.xTaskGetTickCount  tasks.o
    0x080111e8   0x080111e8   0x00000148   Code   RO         4547    i.xTaskIncrementTick  tasks.o
    0x08011330   0x08011330   0x000000c8   Code   RO         4550    i.xTaskPriorityDisinherit  tasks.o
    0x080113f8   0x080113f8   0x00000098   Code   RO         4552    i.xTaskRemoveFromEventList  tasks.o
    0x08011490   0x08011490   0x00000104   Code   RO         4553    i.xTaskResumeAll    tasks.o
    0x08011594   0x08011594   0x00000036   Code   RO         4875    i.xTimerCreate      timers.o
    0x080115ca   0x080115ca   0x00000072   Code   RO         4876    i.xTimerCreateStatic  timers.o
    0x0801163c   0x0801163c   0x00000078   Code   RO         4877    i.xTimerCreateTimerTask  timers.o
    0x080116b4   0x080116b4   0x00000084   Code   RO         4878    i.xTimerGenericCommand  timers.o
    0x08011738   0x08011738   0x00000018   Code   RO         9582    x$fpl$dcmpinf       fz_wm.l(dcmpi.o)
    0x08011750   0x08011750   0x000002b0   Code   RO         9370    x$fpl$ddiv          fz_wm.l(ddiv.o)
    0x08011a00   0x08011a00   0x0000005a   Code   RO         9373    x$fpl$dfixu         fz_wm.l(dfixu.o)
    0x08011a5a   0x08011a5a   0x0000002e   Code   RO         9378    x$fpl$dflt          fz_wm.l(dflt_clz.o)
    0x08011a88   0x08011a88   0x00000078   Code   RO         9383    x$fpl$dleqf         fz_wm.l(dleqf.o)
    0x08011b00   0x08011b00   0x00000154   Code   RO         9385    x$fpl$dmul          fz_wm.l(dmul.o)
    0x08011c54   0x08011c54   0x0000009c   Code   RO         9584    x$fpl$dnaninf       fz_wm.l(dnaninf.o)
    0x08011cf0   0x08011cf0   0x0000000c   Code   RO         9586    x$fpl$dretinf       fz_wm.l(dretinf.o)
    0x08011cfc   0x08011cfc   0x0000006c   Code   RO         9387    x$fpl$drleqf        fz_wm.l(drleqf.o)
    0x08011d68   0x08011d68   0x00000056   Code   RO         9389    x$fpl$f2d           fz_wm.l(f2d.o)
    0x08011dbe   0x08011dbe   0x0000008c   Code   RO         9588    x$fpl$fnaninf       fz_wm.l(fnaninf.o)
    0x08011e4a   0x08011e4a   0x0000000a   Code   RO         9660    x$fpl$fpinit        fz_wm.l(fpinit.o)
    0x08011e54   0x08011e54   0x000000f4   Code   RO         9590    x$fpl$frem          fz_wm.l(frem_clz.o)
    0x08011f48   0x08011f48   0x00000000   Code   RO         9596    x$fpl$usenofp       fz_wm.l(usenofp.o)
    0x08011f48   0x08011f48   0x00000104   Data   RO          303    .constdata          freertos.o
    0x0801204c   0x0801204c   0x00000008   Data   RO         2590    .constdata          stm32f4xx_hal_dma.o
    0x08012054   0x08012054   0x00000018   Data   RO         3968    .constdata          system_stm32f4xx.o
    0x0801206c   0x0801206c   0x00000044   Data   RO         5769    .constdata          app_ins.o
    0x080120b0   0x080120b0   0x00000134   Data   RO         6207    .constdata          module_referee.o
    0x080121e4   0x080121e4   0x00000020   Data   RO         6681    .constdata          module_chassis.o
    0x08012204   0x08012204   0x00000014   Data   RO         7017    .constdata          periph_bmi088.o
    0x08012218   0x08012218   0x00000124   Data   RO         7263    .constdata          periph_referee.o
    0x0801233c   0x0801233c   0x00000100   Data   RO         7877    .constdata          periph_pc_comm.o
    0x0801243c   0x0801243c   0x00000660   Data   RO         8399    .constdata          sys_const.o
    0x08012a9c   0x08012a9c   0x00000300   Data   RO         8585    .constdata          alg_crc.o
    0x08012d9c   0x08012d9c   0x00000020   Data   RO         9614    .constdata          m_wm.l(rredf.o)
    0x08012dbc   0x08012dbc   0x00000088   Data   RO          304    .conststring        freertos.o
    0x08012e44   0x08012e44   0x00000052   Data   RO         6208    .conststring        module_referee.o
    0x08012e96   0x08012e96   0x00000002   PAD
    0x08012e98   0x08012e98   0x00000804   Data   RO         9275    .rodata.sinTable_f32  arm_cortexM4lf_math.lib(arm_common_tables.o)
    0x0801369c   0x0801369c   0x00000020   Data   RO         9749    Region$$Table       anon$$obj.o


    Execution Region RW_IRAM1 (Exec base: 0x20000000, Load base: 0x080136bc, Size: 0x0000f550, Max: 0x0001c000, ABSOLUTE, COMPRESSED[0x0000013c])

    Exec Addr    Load Addr    Size         Type   Attr      Idx    E Section Name        Object

    0x20000000   COMPRESSED   0x00000028   Data   RW          305    .data               freertos.o
    0x20000028   COMPRESSED   0x00000004   Data   RW          410    .data               can.o
    0x2000002c   COMPRESSED   0x00000001   Data   RW          665    .data               stm32f4xx_it.o
    0x2000002d   COMPRESSED   0x00000003   PAD
    0x20000030   COMPRESSED   0x00000009   Data   RW         3040    .data               stm32f4xx_hal.o
    0x20000039   COMPRESSED   0x00000003   PAD
    0x2000003c   COMPRESSED   0x00000004   Data   RW         3969    .data               system_stm32f4xx.o
    0x20000040   COMPRESSED   0x0000003c   Data   RW         4556    .data               tasks.o
    0x2000007c   COMPRESSED   0x00000014   Data   RW         4886    .data               timers.o
    0x20000090   COMPRESSED   0x00000020   Data   RW         5417    .data               heap_4.o
    0x200000b0   COMPRESSED   0x0000000c   Data   RW         5473    .data               port.o
    0x200000bc   COMPRESSED   0x00000060   Data   RW         5770    .data               app_ins.o
    0x2000011c   COMPRESSED   0x00000026   Data   RW         5868    .data               app_watchdog.o
    0x20000142   COMPRESSED   0x00000002   PAD
    0x20000144   COMPRESSED   0x00000030   Data   RW         5917    .data               app_remote.o
    0x20000174   COMPRESSED   0x00000001   Data   RW         6027    .data               app_referee.o
    0x20000175   COMPRESSED   0x00000003   PAD
    0x20000178   COMPRESSED   0x000000c6   Data   RW         6096    .data               app_autoaim.o
    0x2000023e   COMPRESSED   0x00000002   PAD
    0x20000240   COMPRESSED   0x00000034   Data   RW         6209    .data               module_referee.o
    0x20000274   COMPRESSED   0x00000001   Data   RW         6365    .data               module_gimbal.o
    0x20000275   COMPRESSED   0x00000003   PAD
    0x20000278   COMPRESSED   0x00000008   Data   RW         6515    .data               module_shoot.o
    0x20000280   COMPRESSED   0x0000007c   Data   RW         7018    .data               periph_bmi088.o
    0x200002fc   COMPRESSED   0x00000006   Data   RW         7264    .data               periph_referee.o
    0x20000302   COMPRESSED   0x00000002   PAD
    0x20000304   COMPRESSED   0x00000005   Data   RW         7629    .data               periph_remote.o
    0x20000309   COMPRESSED   0x00000003   PAD
    0x2000030c   COMPRESSED   0x00000004   Data   RW         7878    .data               periph_pc_comm.o
    0x20000310   COMPRESSED   0x00000078   Data   RW         8066    .data               util_gpio.o
    0x20000388   COMPRESSED   0x00000040   Data   RW         8331    .data               sys_dwt.o
    0x200003c8   COMPRESSED   0x000000b4   Data   RW         8400    .data               sys_const.o
    0x2000047c   COMPRESSED   0x00000006   Data   RW         8586    .data               alg_crc.o
    0x20000482   COMPRESSED   0x00000002   PAD
    0x20000484   COMPRESSED   0x00000044   Data   RW         8807    .data               alg_quaternionekf.o
    0x200004c8   COMPRESSED   0x0000000c   Data   RW         8969    .data               protocol_common.o
    0x200004d4   COMPRESSED   0x00000040   Data   RW         9102    .data               protocol_transmit.o
    0x20000514        -       0x000006a8   Zero   RW          302    .bss                freertos.o
    0x20000bbc        -       0x00000050   Zero   RW          409    .bss                can.o
    0x20000c0c        -       0x00000118   Zero   RW          481    .bss                spi.o
    0x20000d24        -       0x000000d8   Zero   RW          528    .bss                tim.o
    0x20000dfc        -       0x00000258   Zero   RW          597    .bss                usart.o
    0x20001054        -       0x00000048   Zero   RW          817    .bss                stm32f4xx_hal_timebase_tim.o
    0x2000109c        -       0x00000040   Zero   RW         4176    .bss                queue.o
    0x200010dc        -       0x000000f0   Zero   RW         4555    .bss                tasks.o
    0x200011cc        -       0x00000110   Zero   RW         4885    .bss                timers.o
    0x200012dc        -       0x00006000   Zero   RW         5416    .bss                heap_4.o
    0x200072dc        -       0x0000009c   Zero   RW         5768    .bss                app_ins.o
    0x20007378        -       0x0000043d   Zero   RW         6095    .bss                app_autoaim.o
    0x200077b5   COMPRESSED   0x00000003   PAD
    0x200077b8        -       0x00000010   Zero   RW         6206    .bss                module_referee.o
    0x200077c8        -       0x00000440   Zero   RW         6364    .bss                module_gimbal.o
    0x20007c08        -       0x00000258   Zero   RW         6514    .bss                module_shoot.o
    0x20007e60        -       0x000004c8   Zero   RW         6680    .bss                module_chassis.o
    0x20008328        -       0x00000610   Zero   RW         6808    .bss                periph_motor.o
    0x20008938        -       0x00000110   Zero   RW         6914    .bss                periph_dmmotor.o
    0x20008a48        -       0x00000064   Zero   RW         7016    .bss                periph_bmi088.o
    0x20008aac        -       0x00000040   Zero   RW         7135    .bss                periph_servo.o
    0x20008aec        -       0x000004c0   Zero   RW         7262    .bss                periph_referee.o
    0x20008fac        -       0x00000064   Zero   RW         7627    .bss                periph_remote.o
    0x20009010        -       0x00000088   Zero   RW         7876    .bss                periph_pc_comm.o
    0x20009098        -       0x000000e4   Zero   RW         7948    .bss                util_can.o
    0x2000917c   COMPRESSED   0x00000004   PAD
    0x20009180        -       0x00000270   Zero   RW         8806    .bss                alg_quaternionekf.o
    0x200093f0        -       0x000000e4   Zero   RW         8967    .bss                protocol_common.o
    0x200094d4        -       0x00000018   Zero   RW         9100    .bss                protocol_transmit.o
    0x200094ec        -       0x00000060   Zero   RW         9619    .bss                c_w.l(libspace.o)
    0x2000954c   COMPRESSED   0x00000004   PAD
    0x20009550        -       0x00002000   Zero   RW            2    HEAP                startup_stm32f407xx.o
    0x2000b550        -       0x00004000   Zero   RW            1    STACK               startup_stm32f407xx.o


    Execution Region RW_IRAM2 (Exec base: 0x2001c000, Load base: 0x080137f8, Size: 0x00000000, Max: 0x00004000, ABSOLUTE)

    **** No section assigned to this execution region ****


==============================================================================

Image component sizes


      Code (inc. data)   RO Data    RW Data    ZI Data      Debug   Object Name

        88         12        768          6          0       2208   alg_crc.o
        94          0          0          0          0       2254   alg_filter.o
      2922          0          0          0          0       8354   alg_kalman.o
       160          4          0          0          0       2293   alg_math.o
      1154          6          0          0          0       6823   alg_pid.o
      4088        222          0         68        624       7594   alg_quaternionekf.o
       750         46          0        198       1085      10085   app_autoaim.o
        18          0          0          0          0        519   app_chassis.o
        14          0          0          0          0       1528   app_communicate.o
        72         12          0          0          0        582   app_gimbal.o
       124         18          0          0          0      23280   app_init.o
      2424        142         68         96        156       6410   app_ins.o
        40          4          0          1          0        767   app_referee.o
      1718        154          0         48          0       8166   app_remote.o
        14          0          0          0          0        537   app_shoot.o
       112          6          0         38          0       1483   app_watchdog.o
       488         44          0          4         80       2422   can.o
       338          8          0          0          0      30430   cmsis_os.o
       168          6          0          0          0        834   dma.o
         0          0          0          0          0      19704   event_groups.o
       340         64        396         40       1704       8327   freertos.o
       468         22          0          0          0       1191   gpio.o
       724         74          0         32      24576       4903   heap_4.o
        34          0          0          0          0       2046   lib_buff.o
       148          0          0          0          0       3602   list.o
       286         16          0          0          0     746999   main.o
      4364        288         32          0       1224      13694   module_chassis.o
      1814        172          0          1       1088      10211   module_gimbal.o
      1684        176        390         52         16      12812   module_referee.o
      2328        180          0          8        600      16535   module_shoot.o
       376         38          0          0          0       1110   periph_autoaim.o
      4654        172         20        124        100      12733   periph_bmi088.o
      1022         30          0          0        272       9590   periph_dmmotor.o
      2292        176          0          0       1552      12655   periph_motor.o
       524         46        256          4        136       6987   periph_pc_comm.o
      2224         96        292          6       1216      42330   periph_referee.o
      1048         22          0          5        100       9397   periph_remote.o
       178         32          0          0         64       4011   periph_servo.o
      1014         92          0         12          0      12121   port.o
       256         30          0         12        228       5497   protocol_common.o
         0          0          0          0          0       1016   protocol_receive.o
       356         66          0         64         24       4429   protocol_transmit.o
      1918         20          0          0         64      17448   queue.o
       416         38          0          0        280       1923   spi.o
        64         26        392          0      24576        852   startup_stm32f407xx.o
       136         24          0          9          0       8758   stm32f4xx_hal.o
      2196          4          0          0          0      14625   stm32f4xx_hal_can.o
       260         22          0          0          0      33598   stm32f4xx_hal_cortex.o
      1392         16          8          0          0       7015   stm32f4xx_hal_dma.o
       558         50          0          0          0       4035   stm32f4xx_hal_gpio.o
        84          6          0          0          0        846   stm32f4xx_hal_msp.o
      1888         94          0          0          0       6333   stm32f4xx_hal_rcc.o
      1136         12          0          0          0       4681   stm32f4xx_hal_spi.o
      2524        150          0          0          0      16865   stm32f4xx_hal_tim.o
       300         30          0          0          0       3381   stm32f4xx_hal_tim_ex.o
       180         20          0          0         72       1471   stm32f4xx_hal_timebase_tim.o
      2294         14          0          0          0      11692   stm32f4xx_hal_uart.o
       500         74          0          1          0      10118   stm32f4xx_it.o
         0          0          0          0          0        384   stream_buffer.o
         0          0       1632        180          0       5847   sys_const.o
       580        112          0         64          0       4526   sys_dwt.o
        22          6          0          0          0       1037   sys_softtimer.o
        20          6         24          4          0       1127   system_stm32f4xx.o
      3156        388          0         60        240      28565   tasks.o
       616         60          0          0        216       4238   tim.o
      1576        124          0         20        272      33867   timers.o
       944         90          0          0        600       3484   usart.o
       336         38          0          0        228       5219   util_can.o
        78          0          0        120          0       3279   util_gpio.o
       364         28          0          0          0       3497   util_pwm.o
        78          0          0          0          0       2229   util_spi.o
       256         10          0          0          0       4713   util_uart.o

    ----------------------------------------------------------------------
     64878       3938       4312       1300      61400    1324122   Object Totals
         0          0         32          0          0          0   (incl. Generated)
        86          0          2         23          7          0   (incl. Padding)

    ----------------------------------------------------------------------

      Code (inc. data)   RO Data    RW Data    ZI Data      Debug   Library Member Name

         0          0       2052          0          0       3698   arm_common_tables.o
       160         12          0          0          0       1107   arm_cos_f32.o
       190          0          0          0          0       1726   arm_mat_add_f32.o
         8          0          0          0          0        845   arm_mat_init_f32.o
       720          4          0          0          0       3399   arm_mat_inverse_f32.o
       316          4          0          0          0       2307   arm_mat_mult_f32.o
       190          0          0          0          0       1726   arm_mat_sub_f32.o
       178          0          0          0          0       1817   arm_mat_trans_f32.o
       152         12          0          0          0       1102   arm_sin_f32.o
        90          0          0          0          0          0   __dczerorl2.o
         8          0          0          0          0         68   __main.o
         0          0          0          0          0          0   __rtentry.o
        12          0          0          0          0          0   __rtentry2.o
         6          0          0          0          0          0   __rtentry4.o
        52          8          0          0          0          0   __scatter.o
        28          0          0          0          0          0   __scatter_zi.o
        22          0          0          0          0        100   _rserrno.o
        16          0          0          0          0         68   aeabi_memset.o
        10          0          0          0          0         68   defsig_exit.o
        50          0          0          0          0         88   defsig_general.o
        80         58          0          0          0         76   defsig_rtmem_inner.o
        14          0          0          0          0         80   defsig_rtmem_outer.o
        18          0          0          0          0         80   exit.o
        94          0          0          0          0         80   h1_alloc.o
        52          0          0          0          0         68   h1_extend.o
        78          0          0          0          0         80   h1_free.o
        14          0          0          0          0         84   h1_init.o
         6          0          0          0          0        152   heapauxi.o
         4          0          0          0          0        136   hguard.o
         0          0          0          0          0          0   indicate_semi.o
       138          0          0          0          0        168   init_alloc.o
         2          0          0          0          0          0   libinit.o
        14          0          0          0          0          0   libinit2.o
         2          0          0          0          0          0   libshutdown.o
         2          0          0          0          0          0   libshutdown2.o
         8          4          0          0         96         68   libspace.o
       238          0          0          0          0        100   lludivv7m.o
         0          0          0          0          0          0   maybetermalloc1.o
         8          4          0          0          0         68   rt_errno_addr_intlibspace.o
         8          4          0          0          0         68   rt_heap_descriptor_intlibspace.o
        68          0          0          0          0         68   rt_memclr.o
        78          0          0          0          0         80   rt_memclr_w.o
       138          0          0          0          0         68   rt_memcpy_v6.o
       100          0          0          0          0         80   rt_memcpy_w.o
         2          0          0          0          0          0   rtexit.o
        10          0          0          0          0          0   rtexit2.o
        62          0          0          0          0         76   strlen.o
        12          4          0          0          0         68   sys_exit.o
        74          0          0          0          0         80   sys_stackheap_outer.o
        14          0          0          0          0         76   sys_wrch.o
         2          0          0          0          0         68   use_no_semi.o
        24          0          0          0          0        116   dcmpi.o
       688        140          0          0          0        256   ddiv.o
        90          4          0          0          0        140   dfixu.o
        46          0          0          0          0        116   dflt_clz.o
       120          4          0          0          0        140   dleqf.o
       340         12          0          0          0        152   dmul.o
       156          4          0          0          0        140   dnaninf.o
        12          0          0          0          0        116   dretinf.o
       108          0          0          0          0        128   drleqf.o
        86          4          0          0          0        132   f2d.o
       140          4          0          0          0        132   fnaninf.o
        10          0          0          0          0        116   fpinit.o
       244          8          0          0          0        132   frem_clz.o
         0          0          0          0          0          0   usenofp.o
       280         46          0          0          0        176   acosf.o
       300         42          0          0          0        176   asinf.o
       592         90          0          0          0        184   atan2f.o
       336         56          0          0          0        136   cosf.o
        20          0          0          0          0        124   fabs.o
       176          0          0          0          0        168   fmodf.o
        38          0          0          0          0        116   fpclassifyf.o
        44         12          0          0          0        464   funder.o
       340         24         32          0          0        160   rredf.o
       400         56          0          0          0        212   sinf.o
       120          0          0          0          0        272   sqrtf.o

    ----------------------------------------------------------------------
      8274        620       2084          0        100      24095   Library Totals
        16          0          0          0          4          0   (incl. Padding)

    ----------------------------------------------------------------------

      Code (inc. data)   RO Data    RW Data    ZI Data      Debug   Library Name

      1914         32       2052          0          0      17727   arm_cortexM4lf_math.lib
      1634         82          0          0         96       2364   c_w.l
      2064        180          0          0          0       1816   fz_wm.l
      2646        326         32          0          0       2188   m_wm.l

    ----------------------------------------------------------------------
      8274        620       2084          0        100      24095   Library Totals

    ----------------------------------------------------------------------

==============================================================================


      Code (inc. data)   RO Data    RW Data    ZI Data      Debug   

     73152       4558       6396       1300      61500    1298605   Grand Totals
     73152       4558       6396        316      61500    1298605   ELF Image Totals (compressed)
     73152       4558       6396        316          0          0   ROM Totals

==============================================================================

    Total RO  Size (Code + RO Data)                79548 (  77.68kB)
    Total RW  Size (RW Data + ZI Data)             62800 (  61.33kB)
    Total ROM Size (Code + RO Data + RW Data)      79864 (  77.99kB)

==============================================================================

